Component: ARM Compiler 5.06 update 5 (build 528) Tool: armlink [4d35e2]

==============================================================================

Section Cross References

    startup_stm32f030x6.o(RESET) refers to startup_stm32f030x6.o(STACK) for __initial_sp
    startup_stm32f030x6.o(RESET) refers to startup_stm32f030x6.o(.text) for Reset_Handler
    startup_stm32f030x6.o(RESET) refers to stm32f0xx_it.o(i.NMI_Handler) for NMI_Handler
    startup_stm32f030x6.o(RESET) refers to stm32f0xx_it.o(i.HardFault_Handler) for HardFault_Handler
    startup_stm32f030x6.o(RESET) refers to stm32f0xx_it.o(i.SVC_Handler) for SVC_Handler
    startup_stm32f030x6.o(RESET) refers to stm32f0xx_it.o(i.PendSV_Handler) for PendSV_Handler
    startup_stm32f030x6.o(RESET) refers to stm32f0xx_it.o(i.SysTick_Handler) for SysTick_Handler
    startup_stm32f030x6.o(RESET) refers to stm32f0xx_it.o(i.EXTI4_15_IRQHandler) for EXTI4_15_IRQHandler
    startup_stm32f030x6.o(RESET) refers to stm32f0xx_it.o(i.TIM16_IRQHandler) for TIM16_IRQHandler
    startup_stm32f030x6.o(RESET) refers to stm32f0xx_it.o(i.TIM17_IRQHandler) for TIM17_IRQHandler
    startup_stm32f030x6.o(.text) refers to system_stm32f0xx.o(i.SystemInit) for SystemInit
    startup_stm32f030x6.o(.text) refers to entry.o(.ARM.Collect$$$$00000000) for __main
    main.o(i.HAL_TIM_PeriodElapsedCallback) refers to main.o(i._ZN6DS13318get_timeEc) for DS1331::get_time(char)
    main.o(i.HAL_TIM_PeriodElapsedCallback) refers to main.o(i._ZN10MAINHELPER15cal_on_off_timeEv) for MAINHELPER::cal_on_off_time()
    main.o(i.HAL_TIM_PeriodElapsedCallback) refers to main.o(i._ZN10MAINHELPER9lite_calcEv) for MAINHELPER::lite_calc()
    main.o(i.HAL_TIM_PeriodElapsedCallback) refers to main.o(i._ZN8KEY_READ4readEv) for KEY_READ::read()
    main.o(i.HAL_TIM_PeriodElapsedCallback) refers to main.o(.data) for oneSecond
    main.o(i.HAL_TIM_PeriodElapsedCallback) refers to main.o(.bss) for rtc
    main.o(i._Z12MX_GPIO_Initv) refers to memseta.o(.text) for __aeabi_memclr4
    main.o(i._Z12MX_GPIO_Initv) refers to stm32f0xx_hal_gpio.o(i.HAL_GPIO_WritePin) for HAL_GPIO_WritePin
    main.o(i._Z12MX_GPIO_Initv) refers to stm32f0xx_hal_gpio.o(i.HAL_GPIO_Init) for HAL_GPIO_Init
    main.o(i._Z12MX_GPIO_Initv) refers to stm32f0xx_hal_cortex.o(i.HAL_NVIC_SetPriority) for HAL_NVIC_SetPriority
    main.o(i._Z12MX_GPIO_Initv) refers to stm32f0xx_hal_cortex.o(i.HAL_NVIC_EnableIRQ) for HAL_NVIC_EnableIRQ
    main.o(i._Z12MX_I2C1_Initv) refers to stm32f0xx_hal_i2c.o(i.HAL_I2C_Init) for HAL_I2C_Init
    main.o(i._Z12MX_I2C1_Initv) refers to main.o(i.Error_Handler) for Error_Handler
    main.o(i._Z12MX_I2C1_Initv) refers to stm32f0xx_hal_i2c_ex.o(i.HAL_I2CEx_ConfigAnalogFilter) for HAL_I2CEx_ConfigAnalogFilter
    main.o(i._Z12MX_I2C1_Initv) refers to stm32f0xx_hal_i2c_ex.o(i.HAL_I2CEx_ConfigDigitalFilter) for HAL_I2CEx_ConfigDigitalFilter
    main.o(i._Z12MX_I2C1_Initv) refers to main.o(.bss) for hi2c1
    main.o(i._Z13MX_TIM16_Initv) refers to stm32f0xx_hal_tim.o(i.HAL_TIM_Base_Init) for HAL_TIM_Base_Init
    main.o(i._Z13MX_TIM16_Initv) refers to main.o(i.Error_Handler) for Error_Handler
    main.o(i._Z13MX_TIM16_Initv) refers to main.o(.bss) for htim16
    main.o(i._Z13MX_TIM17_Initv) refers to stm32f0xx_hal_tim.o(i.HAL_TIM_Base_Init) for HAL_TIM_Base_Init
    main.o(i._Z13MX_TIM17_Initv) refers to main.o(i.Error_Handler) for Error_Handler
    main.o(i._Z13MX_TIM17_Initv) refers to main.o(.bss) for htim17
    main.o(i._Z15ee_read_varabelv) refers to main.o(i._ZN12EEPROM_24Cxx9read_charEPcci) for EEPROM_24Cxx::read_char(char*, char, int)
    main.o(i._Z15ee_read_varabelv) refers to main.o(i._ZN7VARABEL17ee_read_LongitudeEv) for VARABEL::ee_read_Longitude()
    main.o(i._Z15ee_read_varabelv) refers to main.o(i._ZN7VARABEL17ee_read_LatitudesEv) for VARABEL::ee_read_Latitudes()
    main.o(i._Z15ee_read_varabelv) refers to main.o(i._ZN12EEPROM_24Cxx8read_intEPici) for EEPROM_24Cxx::read_int(int*, char, int)
    main.o(i._Z15ee_read_varabelv) refers to main.o(i._ZN12EEPROM_24Cxx9read_longEPlci) for EEPROM_24Cxx::read_long(long*, char, int)
    main.o(i._Z15ee_read_varabelv) refers to main.o(.bss) for var
    main.o(i._Z16read_i2c_in_mainv) refers to memcpya.o(.text) for __aeabi_memcpy4
    main.o(i._Z16read_i2c_in_mainv) refers to main.o(.bss) for hi2c1
    main.o(i._Z18SystemClock_Configv) refers to memseta.o(.text) for __aeabi_memclr4
    main.o(i._Z18SystemClock_Configv) refers to stm32f0xx_hal_rcc.o(i.HAL_RCC_OscConfig) for HAL_RCC_OscConfig
    main.o(i._Z18SystemClock_Configv) refers to main.o(i.Error_Handler) for Error_Handler
    main.o(i._Z18SystemClock_Configv) refers to stm32f0xx_hal_rcc.o(i.HAL_RCC_ClockConfig) for HAL_RCC_ClockConfig
    main.o(i._Z18SystemClock_Configv) refers to stm32f0xx_hal_rcc_ex.o(i.HAL_RCCEx_PeriphCLKConfig) for HAL_RCCEx_PeriphCLKConfig
    main.o(i._ZN10MAINHELPER11change_dateEv) refers to printf8.o(i.__0sprintf$8) for __2sprintf
[...]
    i.HAL_I2C_Mem_Write                      0x080014d8   Section        0  stm32f0xx_hal_i2c.o(i.HAL_I2C_Mem_Write)
    i.HAL_I2C_MspInit                        0x0800167c   Section        0  stm32f0xx_hal_msp.o(i.HAL_I2C_MspInit)
    i.HAL_IncTick                            0x080016fc   Section        0  stm32f0xx_hal.o(i.HAL_IncTick)
    i.HAL_Init                               0x08001714   Section        0  stm32f0xx_hal.o(i.HAL_Init)
    i.HAL_InitTick                           0x08001734   Section        0  stm32f0xx_hal.o(i.HAL_InitTick)
    i.HAL_MspInit                            0x08001788   Section        0  stm32f0xx_hal_msp.o(i.HAL_MspInit)
    i.HAL_NVIC_EnableIRQ                     0x080017c4   Section        0  stm32f0xx_hal_cortex.o(i.HAL_NVIC_EnableIRQ)
    i.HAL_NVIC_SetPriority                   0x080017e0   Section        0  stm32f0xx_hal_cortex.o(i.HAL_NVIC_SetPriority)
    i.HAL_RCCEx_PeriphCLKConfig              0x080017f4   Section        0  stm32f0xx_hal_rcc_ex.o(i.HAL_RCCEx_PeriphCLKConfig)
    i.HAL_RCC_ClockConfig                    0x08001940   Section        0  stm32f0xx_hal_rcc.o(i.HAL_RCC_ClockConfig)
    i.HAL_RCC_GetSysClockFreq                0x08001aac   Section        0  stm32f0xx_hal_rcc.o(i.HAL_RCC_GetSysClockFreq)
    i.HAL_RCC_OscConfig                      0x08001b7c   Section        0  stm32f0xx_hal_rcc.o(i.HAL_RCC_OscConfig)
    i.HAL_SYSTICK_Config                     0x08002104   Section        0  stm32f0xx_hal_cortex.o(i.HAL_SYSTICK_Config)
    i.HAL_TIMEx_BreakCallback                0x0800213c   Section        0  stm32f0xx_hal_tim_ex.o(i.HAL_TIMEx_BreakCallback)
    i.HAL_TIMEx_CommutCallback               0x0800213e   Section        0  stm32f0xx_hal_tim_ex.o(i.HAL_TIMEx_CommutCallback)
    i.HAL_TIM_Base_Init                      0x08002140   Section        0  stm32f0xx_hal_tim.o(i.HAL_TIM_Base_Init)
    i.HAL_TIM_Base_MspInit                   0x08002178   Section        0  stm32f0xx_hal_msp.o(i.HAL_TIM_Base_MspInit)
    i.HAL_TIM_Base_Start_IT                  0x080021f8   Section        0  stm32f0xx_hal_tim.o(i.HAL_TIM_Base_Start_IT)
    i.HAL_TIM_IC_CaptureCallback             0x08002222   Section        0  stm32f0xx_hal_tim.o(i.HAL_TIM_IC_CaptureCallback)
    i.HAL_TIM_IRQHandler                     0x08002224   Section        0  stm32f0xx_hal_tim.o(i.HAL_TIM_IRQHandler)
    i.HAL_TIM_OC_DelayElapsedCallback        0x080023ec   Section        0  stm32f0xx_hal_tim.o(i.HAL_TIM_OC_DelayElapsedCallback)
    i.HAL_TIM_PWM_PulseFinishedCallback      0x080023ee   Section        0  stm32f0xx_hal_tim.o(i.HAL_TIM_PWM_PulseFinishedCallback)
    i.HAL_TIM_PeriodElapsedCallback          0x080023f0   Section        0  main.o(i.HAL_TIM_PeriodElapsedCallback)
    i.HAL_TIM_TriggerCallback                0x08002448   Section        0  stm32f0xx_hal_tim.o(i.HAL_TIM_TriggerCallback)
    i.HardFault_Handler                      0x0800244a   Section        0  stm32f0xx_it.o(i.HardFault_Handler)
    i.NMI_Handler                            0x0800244e   Section        0  stm32f0xx_it.o(i.NMI_Handler)
    i.PendSV_Handler                         0x08002450   Section        0  stm32f0xx_it.o(i.PendSV_Handler)
    i.SVC_Handler                            0x08002452   Section        0  stm32f0xx_it.o(i.SVC_Handler)
    i.SysTick_Handler                        0x08002454   Section        0  stm32f0xx_it.o(i.SysTick_Handler)
    i.SystemInit                             0x0800245c   Section        0  system_stm32f0xx.o(i.SystemInit)
    i.TIM16_IRQHandler                       0x080024d0   Section        0  stm32f0xx_it.o(i.TIM16_IRQHandler)
    i.TIM17_IRQHandler                       0x080024e0   Section        0  stm32f0xx_it.o(i.TIM17_IRQHandler)
    i.TIM_Base_SetConfig                     0x080024f0   Section        0  stm32f0xx_hal_tim.o(i.TIM_Base_SetConfig)
    i._Z12MX_GPIO_Initv                      0x08002580   Section        0  main.o(i._Z12MX_GPIO_Initv)
    MX_GPIO_Init()                           0x08002581   Thumb Code   226  main.o(i._Z12MX_GPIO_Initv)
    i._Z12MX_I2C1_Initv                      0x08002674   Section        0  main.o(i._Z12MX_I2C1_Initv)
    MX_I2C1_Init()                           0x08002675   Thumb Code    80  main.o(i._Z12MX_I2C1_Initv)
    i._Z13MX_TIM16_Initv                     0x080026d0   Section        0  main.o(i._Z13MX_TIM16_Initv)
    MX_TIM16_Init()                          0x080026d1   Thumb Code    46  main.o(i._Z13MX_TIM16_Initv)
    i._Z13MX_TIM17_Initv                     0x0800270c   Section        0  main.o(i._Z13MX_TIM17_Initv)
    MX_TIM17_Init()                          0x0800270d   Thumb Code    48  main.o(i._Z13MX_TIM17_Initv)
    i._Z14I2C_Flush_TXDRP19__I2C_HandleTypeDef 0x08002748   Section        0  stm32f0xx_hal_i2c.o(i._Z14I2C_Flush_TXDRP19__I2C_HandleTypeDef)
    I2C_Flush_TXDR(__I2C_HandleTypeDef*)     0x08002749   Thumb Code    50  stm32f0xx_hal_i2c.o(i._Z14I2C_Flush_TXDRP19__I2C_HandleTypeDef)
    i._Z15ee_read_varabelv                   0x0800277c   Section        0  main.o(i._Z15ee_read_varabelv)
    i._Z16read_i2c_in_mainv                  0x0800286c   Section        0  main.o(i._Z16read_i2c_in_mainv)
    i._Z18I2C_TransferConfigP19__I2C_HandleTypeDefthjj 0x080028c0   Section        0  stm32f0xx_hal_i2c.o(i._Z18I2C_TransferConfigP19__I2C_HandleTypeDefthjj)
    I2C_TransferConfig(__I2C_HandleTypeDef*, unsigned short, unsigned char, unsigned, unsigned) 0x080028c1   Thumb Code    52  stm32f0xx_hal_i2c.o(i._Z18I2C_TransferConfigP19__I2C_HandleTypeDefthjj)
    i._Z18SystemClock_Configv                0x080028f8   Section        0  main.o(i._Z18SystemClock_Configv)
    i._Z18__NVIC_SetPriority9IRQn_Typej      0x0800297c   Section        0  stm32f0xx_hal_cortex.o(i._Z18__NVIC_SetPriority9IRQn_Typej)
    __NVIC_SetPriority(IRQn_Type, unsigned)  0x0800297d   Thumb Code   110  stm32f0xx_hal_cortex.o(i._Z18__NVIC_SetPriority9IRQn_Typej)
    i._Z21I2C_RequestMemoryReadP19__I2C_HandleTypeDeftttjj 0x080029f4   Section        0  stm32f0xx_hal_i2c.o(i._Z21I2C_RequestMemoryReadP19__I2C_HandleTypeDeftttjj)
    I2C_RequestMemoryRead(__I2C_HandleTypeDef*, unsigned short, unsigned short, unsigned short, unsigned, unsigned) 0x080029f5   Thumb Code   124  stm32f0xx_hal_i2c.o(i._Z21I2C_RequestMemoryReadP19__I2C_HandleTypeDeftttjj)
    i._Z22I2C_RequestMemoryWriteP19__I2C_HandleTypeDeftttjj 0x08002a74   Section        0  stm32f0xx_hal_i2c.o(i._Z22I2C_RequestMemoryWriteP19__I2C_HandleTypeDeftttjj)
    I2C_RequestMemoryWrite(__I2C_HandleTypeDef*, unsigned short, unsigned short, unsigned short, unsigned, unsigned) 0x08002a75   Thumb Code   124  stm32f0xx_hal_i2c.o(i._Z22I2C_RequestMemoryWriteP19__I2C_HandleTypeDeftttjj)
    i._Z23I2C_IsAcknowledgeFailedP19__I2C_HandleTypeDefjj 0x08002af4   Section        0  stm32f0xx_hal_i2c.o(i._Z23I2C_IsAcknowledgeFailedP19__I2C_HandleTypeDefjj)
    I2C_IsAcknowledgeFailed(__I2C_HandleTypeDef*, unsigned, unsigned) 0x08002af5   Thumb Code   154  stm32f0xx_hal_i2c.o(i._Z23I2C_IsAcknowledgeFailedP19__I2C_HandleTypeDefjj)
    i._Z26I2C_WaitOnFlagUntilTimeoutP19__I2C_HandleTypeDefj10FlagStatusjj 0x08002b94   Section        0  stm32f0xx_hal_i2c.o(i._Z26I2C_WaitOnFlagUntilTimeoutP19__I2C_HandleTypeDefj10FlagStatusjj)
    I2C_WaitOnFlagUntilTimeout(__I2C_HandleTypeDef*, unsigned, FlagStatus, unsigned, unsigned) 0x08002b95   Thumb Code    88  stm32f0xx_hal_i2c.o(i._Z26I2C_WaitOnFlagUntilTimeoutP19__I2C_HandleTypeDefj10FlagStatusjj)
    i._Z30I2C_WaitOnRXNEFlagUntilTimeoutP19__I2C_HandleTypeDefjj 0x08002bec   Section        0  stm32f0xx_hal_i2c.o(i._Z30I2C_WaitOnRXNEFlagUntilTimeoutP19__I2C_HandleTypeDefjj)
    I2C_WaitOnRXNEFlagUntilTimeout(__I2C_HandleTypeDef*, unsigned, unsigned) 0x08002bed   Thumb Code   170  stm32f0xx_hal_i2c.o(i._Z30I2C_WaitOnRXNEFlagUntilTimeoutP19__I2C_HandleTypeDefjj)
    i._Z30I2C_WaitOnSTOPFlagUntilTimeoutP19__I2C_HandleTypeDefjj 0x08002c9c   Section        0  stm32f0xx_hal_i2c.o(i._Z30I2C_WaitOnSTOPFlagUntilTimeoutP19__I2C_HandleTypeDefjj)
    I2C_WaitOnSTOPFlagUntilTimeout(__I2C_HandleTypeDef*, unsigned, unsigned) 0x08002c9d   Thumb Code    90  stm32f0xx_hal_i2c.o(i._Z30I2C_WaitOnSTOPFlagUntilTimeoutP19__I2C_HandleTypeDefjj)
    i._Z30I2C_WaitOnTXISFlagUntilTimeoutP19__I2C_HandleTypeDefjj 0x08002cf6   Section        0  stm32f0xx_hal_i2c.o(i._Z30I2C_WaitOnTXISFlagUntilTimeoutP19__I2C_HandleTypeDefjj)
    I2C_WaitOnTXISFlagUntilTimeout(__I2C_HandleTypeDef*, unsigned, unsigned) 0x08002cf7   Thumb Code    96  stm32f0xx_hal_i2c.o(i._Z30I2C_WaitOnTXISFlagUntilTimeoutP19__I2C_HandleTypeDefjj)
    i._ZN10MAINHELPER11change_dateEv         0x08002d58   Section        0  main.o(i._ZN10MAINHELPER11change_dateEv)
    i._ZN10MAINHELPER11change_timeEv         0x08002e74   Section        0  main.o(i._ZN10MAINHELPER11change_timeEv)
    i._ZN10MAINHELPER11valu_numberEl         0x08002f04   Section        0  main.o(i._ZN10MAINHELPER11valu_numberEl)
    i._ZN10MAINHELPER13change_numberEPcS0_lil 0x08002f50   Section        0  main.o(i._ZN10MAINHELPER13change_numberEPcS0_lil)
    i._ZN10MAINHELPER14change_on_timeEv      0x08003124   Section        0  main.o(i._ZN10MAINHELPER14change_on_timeEv)
    i._ZN10MAINHELPER14key_pressed_upEcii    0x080035dc   Section        0  main.o(i._ZN10MAINHELPER14key_pressed_upEcii)
    i._ZN10MAINHELPER15cal_on_off_timeEv     0x08003608   Section        0  main.o(i._ZN10MAINHELPER15cal_on_off_timeEv)
    i._ZN10MAINHELPER15change_off_timeEv     0x08003710   Section        0  main.o(i._ZN10MAINHELPER15change_off_timeEv)
    i._ZN10MAINHELPER15sum_or_sub_timeEP5TIME_ccccc 0x08003bc8   Section        0  main.o(i._ZN10MAINHELPER15sum_or_sub_timeEP5TIME_ccccc)
    i._ZN10MAINHELPER16change_LatitudesEv    0x08003be8   Section        0  main.o(i._ZN10MAINHELPER16change_LatitudesEv)
    i._ZN10MAINHELPER16change_LongitudeEv    0x08003ccc   Section        0  main.o(i._ZN10MAINHELPER16change_LongitudeEv)
    i._ZN10MAINHELPER16change_lite_longEv    0x08003da8   Section        0  main.o(i._ZN10MAINHELPER16change_lite_longEv)
    i._ZN10MAINHELPER4menuEh                 0x08003e64   Section        0  main.o(i._ZN10MAINHELPER4menuEh)
    i._ZN10MAINHELPER8str_findEPcS0_ii       0x08004334   Section        0  main.o(i._ZN10MAINHELPER8str_findEPcS0_ii)
    i._ZN10MAINHELPER9lite_calcEv            0x080043a8   Section        0  main.o(i._ZN10MAINHELPER9lite_calcEv)
    i._ZN12EEPROM_24Cxx10write_charEcci      0x08004490   Section        0  main.o(i._ZN12EEPROM_24Cxx10write_charEcci)
    i._ZN12EEPROM_24Cxx10write_longElci      0x080044ec   Section        0  main.o(i._ZN12EEPROM_24Cxx10write_longElci)
    i._ZN12EEPROM_24Cxx11find_sectorEii      0x08004580   Section        0  main.o(i._ZN12EEPROM_24Cxx11find_sectorEii)
    i._ZN12EEPROM_24Cxx14write_one_byteEic   0x080045bc   Section        0  main.o(i._ZN12EEPROM_24Cxx14write_one_byteEic)
    i._ZN12EEPROM_24Cxx8read_intEPici        0x08004600   Section        0  main.o(i._ZN12EEPROM_24Cxx8read_intEPici)
    i._ZN12EEPROM_24Cxx9read_charEPcci       0x08004656   Section        0  main.o(i._ZN12EEPROM_24Cxx9read_charEPcci)
    i._ZN12EEPROM_24Cxx9read_longEPlci       0x080046a6   Section        0  main.o(i._ZN12EEPROM_24Cxx9read_longEPlci)
    i._ZN12EEPROM_24Cxx9write_intEici        0x08004708   Section        0  main.o(i._ZN12EEPROM_24Cxx9write_intEici)
    i._ZN12EEPROM_24CxxC1Ev                  0x08004774   Section        0  main.o(i._ZN12EEPROM_24CxxC1Ev)
    i._ZN14LCD_CHARACTERI11LCD_SendCmdEh     0x080048d8   Section        0  main.o(i._ZN14LCD_CHARACTERI11LCD_SendCmdEh)
    i._ZN14LCD_CHARACTERI12LCD_ReadByteEv    0x080048fc   Section        0  main.o(i._ZN14LCD_CHARACTERI12LCD_ReadByteEv)
    i._ZN14LCD_CHARACTERI12LCD_SendByteEh    0x08004a20   Section        0  main.o(i._ZN14LCD_CHARACTERI12LCD_SendByteEh)
    i._ZN14LCD_CHARACTERI12LCD_SendDataEh    0x08004b54   Section        0  main.o(i._ZN14LCD_CHARACTERI12LCD_SendDataEh)
    i._ZN14LCD_CHARACTERI4GoToEhh            0x08004b78   Section        0  main.o(i._ZN14LCD_CHARACTERI4GoToEhh)
    i._ZN14LCD_CHARACTERI4InitEv             0x08004b9c   Section        0  main.o(i._ZN14LCD_CHARACTERI4InitEv)
    i._ZN14LCD_CHARACTERI4showEPchh          0x08004cb0   Section        0  main.o(i._ZN14LCD_CHARACTERI4showEPchh)
    i._ZN14LCD_CHARACTERI4showEmhh           0x08004cd8   Section        0  main.o(i._ZN14LCD_CHARACTERI4showEmhh)
    i._ZN14LCD_CHARACTERI5ClearEv            0x08004f0c   Section        0  main.o(i._ZN14LCD_CHARACTERI5ClearEv)
    i._ZN14LCD_CHARACTERI8SendTextEPc        0x08004f1a   Section        0  main.o(i._ZN14LCD_CHARACTERI8SendTextEPc)
    i._ZN14LCD_CHARACTERI8delay_msEi         0x08004f34   Section        0  main.o(i._ZN14LCD_CHARACTERI8delay_msEi)
    i._ZN14LCD_CHARACTERI8delay_usEi         0x08004f50   Section        0  main.o(i._ZN14LCD_CHARACTERI8delay_usEi)
    i._ZN6DS13317BCD2DECEc                   0x08004f64   Section        0  main.o(i._ZN6DS13317BCD2DECEc)
    i._ZN6DS13317DEC2BCDEc                   0x08004f76   Section        0  main.o(i._ZN6DS13317DEC2BCDEc)
    i._ZN6DS13318get_timeEc                  0x08004f94   Section        0  main.o(i._ZN6DS13318get_timeEc)
    i._ZN6DS13318set_timeEiccccc             0x08005016   Section        0  main.o(i._ZN6DS13318set_timeEiccccc)
    i._ZN7VARABEL13update_eepromEv           0x08005094   Section        0  main.o(i._ZN7VARABEL13update_eepromEv)
    i._ZN7VARABEL16ee_set_LatitudesEf        0x0800514c   Section        0  main.o(i._ZN7VARABEL16ee_set_LatitudesEf)
    i._ZN7VARABEL16ee_set_LongitudeEf        0x08005178   Section        0  main.o(i._ZN7VARABEL16ee_set_LongitudeEf)
    i._ZN7VARABEL17ee_read_LatitudesEv       0x080051a4   Section        0  main.o(i._ZN7VARABEL17ee_read_LatitudesEv)
    i._ZN7VARABEL17ee_read_LongitudeEv       0x080051d4   Section        0  main.o(i._ZN7VARABEL17ee_read_LongitudeEv)
    i._ZN7VARABELC1Ev                        0x08005204   Section        0  main.o(i._ZN7VARABELC1Ev)
    i._ZN8KEY_READ4readEv                    0x08005208   Section        0  main.o(i._ZN8KEY_READ4readEv)
    i._ZN8KEY_READ6debonsEci                 0x080052c4   Section        0  main.o(i._ZN8KEY_READ6debonsEci)
    i._ZN8KEY_READ9HAL_DelayEi               0x080052e6   Section        0  main.o(i._ZN8KEY_READ9HAL_DelayEi)
    i._ZN8KEY_READ9check_keyEv               0x08005300   Section        0  main.o(i._ZN8KEY_READ9check_keyEv)
    i._ZN8KEY_READ9get_delayEv               0x08005464   Section        0  main.o(i._ZN8KEY_READ9get_delayEv)
    i._ZN8KEY_READC1Ev                       0x080054a2   Section        0  main.o(i._ZN8KEY_READC1Ev)
    i._ZN8PrayTime10JulianDateEiii           0x080054ac   Section        0  main.o(i._ZN8PrayTime10JulianDateEiii)
    i._ZN8PrayTime11adjustTimesEv            0x080055ac   Section        0  main.o(i._ZN8PrayTime11adjustTimesEv)
    i._ZN8PrayTime11computeTimeEdd           0x08005628   Section        0  main.o(i._ZN8PrayTime11computeTimeEdd)
    i._ZN8PrayTime11sunPositionEdc           0x08005748   Section        0  main.o(i._ZN8PrayTime11sunPositionEdc)
    i._ZN8PrayTime12computeTimesEv           0x08005988   Section        0  main.o(i._ZN8PrayTime12computeTimesEv)
    i._ZN8PrayTime13computeMidDayEd          0x08005a04   Section        0  main.o(i._ZN8PrayTime13computeMidDayEd)
    i._ZN8PrayTime13floatToTime24EdPcS0_     0x08005a5c   Section        0  main.o(i._ZN8PrayTime13floatToTime24EdPcS0_)
    i._ZN8PrayTime14DegreeToRadianEd         0x08005adc   Section        0  main.o(i._ZN8PrayTime14DegreeToRadianEd)
    i._ZN8PrayTime14RadianToDegreeEd         0x08005b08   Section        0  main.o(i._ZN8PrayTime14RadianToDegreeEd)
    i._ZN8PrayTime14equationOfTimeEd         0x08005b34   Section        0  main.o(i._ZN8PrayTime14equationOfTimeEd)
    i._ZN8PrayTime14sunDeclinationEd         0x08005b4c   Section        0  main.o(i._ZN8PrayTime14sunDeclinationEd)
    i._ZN8PrayTime15computeDayTimesEv        0x08005b64   Section        0  main.o(i._ZN8PrayTime15computeDayTimesEv)
    i._ZN8PrayTime17adjustTimesFormatEv      0x08005b7c   Section        0  main.o(i._ZN8PrayTime17adjustTimesFormatEv)
    i._ZN8PrayTime18getDatePrayerTimesEiiiddd 0x08005bf0   Section        0  main.o(i._ZN8PrayTime18getDatePrayerTimesEiiiddd)
    i._ZN8PrayTime4dcosEd                    0x08005c4c   Section        0  main.o(i._ZN8PrayTime4dcosEd)
    i._ZN8PrayTime4dsinEd                    0x08005c68   Section        0  main.o(i._ZN8PrayTime4dsinEd)
    i._ZN8PrayTime7FixHourEd                 0x08005c84   Section        0  main.o(i._ZN8PrayTime7FixHourEd)
    i._ZN8PrayTime8FixAngleEd                0x08005cec   Section        0  main.o(i._ZN8PrayTime8FixAngleEd)
    i._ZN8PrayTimeC1Ev                       0x08005d54   Section        0  main.o(i._ZN8PrayTimeC1Ev)
    i._ZN9DATE_CALC14cal_on_off_outE5TIME_S0_S0_ 0x08005d70   Section        0  main.o(i._ZN9DATE_CALC14cal_on_off_outE5TIME_S0_S0_)
    i._ZN9DATE_CALC16check_day_shamsiEic     0x08005dd4   Section        0  main.o(i._ZN9DATE_CALC16check_day_shamsiEic)
    i._ZN9DATE_CALC16milady_to_shamsyEiii    0x08005e14   Section        0  main.o(i._ZN9DATE_CALC16milady_to_shamsyEiii)
    i._ZN9DATE_CALC16shamsy_to_miladyEiii    0x08005fe4   Section        0  main.o(i._ZN9DATE_CALC16shamsy_to_miladyEiii)
    i._ZN9DATE_CALC9grgisleapEi              0x0800610c   Section        0  main.o(i._ZN9DATE_CALC9grgisleapEi)
    i._ZN9DATE_CALC9hshisleapEi              0x08006144   Section        0  main.o(i._ZN9DATE_CALC9hshisleapEi)
    i.__0sprintf$8                           0x080061b8   Section        0  printf8.o(i.__0sprintf$8)
    i.__ARM_clz                              0x080061e0   Section        0  depilogue.o(i.__ARM_clz)
    i.__ARM_common_ll_muluu                  0x0800620e   Section        0  stm32f0xx_hal_rcc.o(i.__ARM_common_ll_muluu)
    i.__ARM_fpclassify                       0x08006240   Section        0  fpclassify.o(i.__ARM_fpclassify)
    i.__ieee754_rem_pio2                     0x0800626c   Section        0  rred.o(i.__ieee754_rem_pio2)
    i.__kernel_cos                           0x08006608   Section        0  cos_i.o(i.__kernel_cos)
    i.__kernel_poly                          0x080066fc   Section        0  poly.o(i.__kernel_poly)
    i.__kernel_sin                           0x080067a8   Section        0  sin_i.o(i.__kernel_sin)
    i.__mathlib_dbl_infnan                   0x08006894   Section        0  dunder.o(i.__mathlib_dbl_infnan)
    i.__mathlib_dbl_infnan2                  0x0800689e   Section        0  dunder.o(i.__mathlib_dbl_infnan2)
    i.__mathlib_dbl_invalid                  0x080068a6   Section        0  dunder.o(i.__mathlib_dbl_invalid)
    i.__mathlib_dbl_underflow                0x080068b8   Section        0  dunder.o(i.__mathlib_dbl_underflow)
    i.__scatterload_copy                     0x080068cc   Section       14  handlers.o(i.__scatterload_copy)
    i.__scatterload_null                     0x080068da   Section        2  handlers.o(i.__scatterload_null)
    i.__scatterload_zeroinit                 0x080068dc   Section       14  handlers.o(i.__scatterload_zeroinit)
    i.__set_errno                            0x080068ec   Section        0  errno.o(i.__set_errno)
    i.__sti___6_main_c_lite                  0x080068f8   Section        0  main.o(i.__sti___6_main_c_lite)
    __sti___6_main_c_lite                    0x080068f9   Thumb Code    28  main.o(i.__sti___6_main_c_lite)
    i._printf_core                           0x08006924   Section        0  printf8.o(i._printf_core)
    _printf_core                             0x08006925   Thumb Code  1020  printf8.o(i._printf_core)
    i._printf_post_padding                   0x08006d4c   Section        0  printf8.o(i._printf_post_padding)
    _printf_post_padding                     0x08006d4d   Thumb Code    32  printf8.o(i._printf_post_padding)
    i._printf_pre_padding                    0x08006d6c   Section        0  printf8.o(i._printf_pre_padding)
    _printf_pre_padding                      0x08006d6d   Thumb Code    44  printf8.o(i._printf_pre_padding)
    i._sputc                                 0x08006d98   Section        0  printf8.o(i._sputc)
    _sputc                                   0x08006d99   Thumb Code    10  printf8.o(i._sputc)
    i.acos                                   0x08006da4   Section        0  acos.o(i.acos)
    i.asin                                   0x0800700c   Section        0  asin.o(i.asin)
    i.atan                                   0x08007280   Section        0  atan.o(i.atan)
    i.atan2                                  0x0800749c   Section        0  atan2.o(i.atan2)
    i.cos                                    0x08007614   Section        0  cos.o(i.cos)
    i.floor                                  0x080076ac   Section        0  floor.o(i.floor)
    i.floorf                                 0x08007774   Section        0  floorf.o(i.floorf)
    i.main                                   0x080077e4   Section        0  main.o(i.main)
    i.sin                                    0x080079b8   Section        0  sin.o(i.sin)
    i.sqrt                                   0x08007a54   Section        0  sqrt.o(i.sqrt)
    .constdata                               0x08007a9c   Section      208  main.o(.constdata)
    .constdata                               0x08007b6c   Section       24  system_stm32f0xx.o(.constdata)
    .constdata                               0x08007b88   Section       80  acos.o(.constdata)
    pS                                       0x08007b88   Data          48  acos.o(.constdata)
    qS                                       0x08007bb8   Data          32  acos.o(.constdata)
    .constdata                               0x08007bd8   Section       80  asin.o(.constdata)
    pS                                       0x08007bd8   Data          48  asin.o(.constdata)
    qS                                       0x08007c08   Data          32  asin.o(.constdata)
    .constdata                               0x08007c28   Section      152  atan.o(.constdata)
    atanhi                                   0x08007c28   Data          32  atan.o(.constdata)
    atanlo                                   0x08007c48   Data          32  atan.o(.constdata)
    aTodd                                    0x08007c68   Data          40  atan.o(.constdata)
    aTeven                                   0x08007c90   Data          48  atan.o(.constdata)
    .constdata                               0x08007cc0   Section       48  cos_i.o(.constdata)
    C                                        0x08007cc0   Data          48  cos_i.o(.constdata)
    .constdata                               0x08007cf0   Section        8  qnan.o(.constdata)
    .constdata                               0x08007cf8   Section      200  rred.o(.constdata)
    pio2s                                    0x08007cf8   Data          48  rred.o(.constdata)
    twooverpi                                0x08007d28   Data         152  rred.o(.constdata)
    .constdata                               0x08007dc0   Section       40  sin_i.o(.constdata)
    S                                        0x08007dc0   Data          40  sin_i.o(.constdata)
    .init_array                              0x08007e08   Section        4  main.o(.init_array)
    .init_array                              0x08007e0c   Section        0  cpp_init.o(.init_array)
    .data                                    0x20000000   Section      400  main.o(.data)
    address                                  0x2000018c   Data           4  main.o(.data)
    .data                                    0x20000190   Section        4  system_stm32f0xx.o(.data)
    .data                                    0x20000194   Section        9  stm32f0xx_hal.o(.data)
    .data                                    0x200001a0   Section        4  errno.o(.data)
    _errno                                   0x200001a0   Data           4  errno.o(.data)
    .bss                                     0x200001a8   Section      672  main.o(.bss)
    STACK                                    0x20000448   Section     1024  startup_stm32f030x6.o(STACK)

    Global Symbols

    Symbol Name                              Value     Ov Type        Size  Object(Section)

    BuildAttributes$$THM_ISAv3M$S$PE$A:L22$X:L11$S22$IEEE1$IW$USESV6$~STKCKD$USESV7$~SHL$OTIME$ROPI$IEEEX$EBA8$MICROLIB$REQ8$PRES8$EABIv2 0x00000000   Number         0  anon$$obj.o ABSOLUTE
    __ARM_use_no_argv                        0x00000000   Number         0  main.o ABSOLUTE
    _printf_a                                0x00000000   Number         0  stubs.o ABSOLUTE
    _printf_c                                0x00000000   Number         0  stubs.o ABSOLUTE
    _printf_charcount                        0x00000000   Number         0  stubs.o ABSOLUTE
    _printf_d                                0x00000000   Number         0  stubs.o ABSOLUTE
    _printf_e                                0x00000000   Number         0  stubs.o ABSOLUTE
    _printf_f                                0x00000000   Number         0  stubs.o ABSOLUTE
    _printf_flags                            0x00000000   Number         0  stubs.o ABSOLUTE
    _printf_fp_dec                           0x00000000   Number         0  stubs.o ABSOLUTE
    _printf_fp_hex                           0x00000000   Number         0  stubs.o ABSOLUTE
    _printf_g                                0x00000000   Number         0  stubs.o ABSOLUTE
    _printf_i                                0x00000000   Number         0  stubs.o ABSOLUTE
    _printf_int_dec                          0x00000000   Number         0  stubs.o ABSOLUTE
    _printf_l                                0x00000000   Number         0  stubs.o ABSOLUTE
    _printf_lc                               0x00000000   Number         0  stubs.o ABSOLUTE
    _printf_ll                               0x00000000   Number         0  stubs.o ABSOLUTE
    _printf_lld                              0x00000000   Number         0  stubs.o ABSOLUTE
    _printf_lli                              0x00000000   Number         0  stubs.o ABSOLUTE
    _printf_llo                              0x00000000   Number         0  stubs.o ABSOLUTE
    _printf_llu                              0x00000000   Number         0  stubs.o ABSOLUTE
    _printf_llx                              0x00000000   Number         0  stubs.o ABSOLUTE
    _printf_longlong_dec                     0x00000000   Number         0  stubs.o ABSOLUTE
    _printf_longlong_hex                     0x00000000   Number         0  stubs.o ABSOLUTE
    _printf_longlong_oct                     0x00000000   Number         0  stubs.o ABSOLUTE
    _printf_ls                               0x00000000   Number         0  stubs.o ABSOLUTE
    _printf_mbtowc                           0x00000000   Number         0  stubs.o ABSOLUTE
    _printf_n                                0x00000000   Number         0  stubs.o ABSOLUTE
    _printf_o                                0x00000000   Number         0  stubs.o ABSOLUTE
    _printf_p                                0x00000000   Number         0  stubs.o ABSOLUTE
    _printf_percent                          0x00000000   Number         0  stubs.o ABSOLUTE
    _printf_pre_padding                      0x00000000   Number         0  stubs.o ABSOLUTE
    _printf_return_value                     0x00000000   Number         0  stubs.o ABSOLUTE
    _printf_s                                0x00000000   Number         0  stubs.o ABSOLUTE
    _printf_sizespec                         0x00000000   Number         0  stubs.o ABSOLUTE
    _printf_str                              0x00000000   Number         0  stubs.o ABSOLUTE
    _printf_truncate_signed                  0x00000000   Number         0  stubs.o ABSOLUTE
    _printf_truncate_unsigned                0x00000000   Number         0  stubs.o ABSOLUTE
    _printf_u                                0x00000000   Number         0  stubs.o ABSOLUTE
    _printf_wc                               0x00000000   Number         0  stubs.o ABSOLUTE
    _printf_wctomb                           0x00000000   Number         0  stubs.o ABSOLUTE
    _printf_widthprec                        0x00000000   Number         0  stubs.o ABSOLUTE
    _printf_x                                0x00000000   Number         0  stubs.o ABSOLUTE
    __cxa_finalize                            - Undefined Weak Reference
    _clock_init                               - Undefined Weak Reference
    _microlib_exit                            - Undefined Weak Reference
    __Vectors_Size                           0x000000b0   Number         0  startup_stm32f030x6.o ABSOLUTE
    __Vectors                                0x08000000   Data           4  startup_stm32f030x6.o(RESET)
    __Vectors_End                            0x080000b0   Data           0  startup_stm32f030x6.o(RESET)
    __main                                   0x080000b1   Thumb Code     0  entry.o(.ARM.Collect$$$$00000000)
    _main_stk                                0x080000b1   Thumb Code     0  entry2.o(.ARM.Collect$$$$00000001)
    _main_scatterload                        0x080000b5   Thumb Code     0  entry5.o(.ARM.Collect$$$$00000004)
    __main_after_scatterload                 0x080000b9   Thumb Code     0  entry5.o(.ARM.Collect$$$$00000004)
    _main_clock                              0x080000b9   Thumb Code     0  entry7b.o(.ARM.Collect$$$$00000008)
    _main_cpp_init$empty                     0x080000b9   Thumb Code     0  entry8a.o(.ARM.Collect$$$$00000009)
    _main_cpp_init                           0x080000bd   Thumb Code     0  entry8b.o(.ARM.Collect$$$$0000000A)
    _main_init                               0x080000bd   Thumb Code     0  entry9a.o(.ARM.Collect$$$$0000000B)
    __rt_final_cpp                           0x080000c5   Thumb Code     0  entry10a.o(.ARM.Collect$$$$0000000D)
    __rt_final_exit                          0x080000c5   Thumb Code     0  entry11a.o(.ARM.Collect$$$$0000000F)
    Reset_Handler                            0x080000c9   Thumb Code     8  startup_stm32f030x6.o(.text)
    ADC1_IRQHandler                          0x080000db   Thumb Code     0  startup_stm32f030x6.o(.text)
    DMA1_Channel1_IRQHandler                 0x080000db   Thumb Code     0  startup_stm32f030x6.o(.text)
    DMA1_Channel2_3_IRQHandler               0x080000db   Thumb Code     0  startup_stm32f030x6.o(.text)
    DMA1_Channel4_5_IRQHandler               0x080000db   Thumb Code     0  startup_stm32f030x6.o(.text)
    EXTI0_1_IRQHandler                       0x080000db   Thumb Code     0  startup_stm32f030x6.o(.text)
    EXTI2_3_IRQHandler                       0x080000db   Thumb Code     0  startup_stm32f030x6.o(.text)
    FLASH_IRQHandler                         0x080000db   Thumb Code     0  startup_stm32f030x6.o(.text)
    I2C1_IRQHandler                          0x080000db   Thumb Code     0  startup_stm32f030x6.o(.text)
    RCC_IRQHandler                           0x080000db   Thumb Code     0  startup_stm32f030x6.o(.text)
    RTC_IRQHandler                           0x080000db   Thumb Code     0  startup_stm32f030x6.o(.text)
    SPI1_IRQHandler                          0x080000db   Thumb Code     0  startup_stm32f030x6.o(.text)
    TIM14_IRQHandler                         0x080000db   Thumb Code     0  startup_stm32f030x6.o(.text)
    TIM1_BRK_UP_TRG_COM_IRQHandler           0x080000db   Thumb Code     0  startup_stm32f030x6.o(.text)
    TIM1_CC_IRQHandler                       0x080000db   Thumb Code     0  startup_stm32f030x6.o(.text)
    TIM3_IRQHandler                          0x080000db   Thumb Code     0  startup_stm32f030x6.o(.text)
    USART1_IRQHandler                        0x080000db   Thumb Code     0  startup_stm32f030x6.o(.text)
    WWDG_IRQHandler                          0x080000db   Thumb Code     0  startup_stm32f030x6.o(.text)
    __aeabi_uidiv                            0x080000e5   Thumb Code     0  uidiv.o(.text)
    __aeabi_uidivmod                         0x080000e5   Thumb Code    44  uidiv.o(.text)
    __aeabi_idiv                             0x08000111   Thumb Code     0  idiv.o(.text)
    __aeabi_idivmod                          0x08000111   Thumb Code    40  idiv.o(.text)
    __aeabi_uldivmod                         0x08000139   Thumb Code    96  uldiv.o(.text)
    __aeabi_llsr                             0x08000199   Thumb Code    34  llushr.o(.text)
    _ll_ushift_r                             0x08000199   Thumb Code     0  llushr.o(.text)
    __aeabi_memcpy                           0x080001bb   Thumb Code    36  memcpya.o(.text)
    __aeabi_memcpy4                          0x080001bb   Thumb Code     0  memcpya.o(.text)
    __aeabi_memcpy8                          0x080001bb   Thumb Code     0  memcpya.o(.text)
    __aeabi_memset                           0x080001df   Thumb Code    14  memseta.o(.text)
    __aeabi_memset4                          0x080001df   Thumb Code     0  memseta.o(.text)
    __aeabi_memset8                          0x080001df   Thumb Code     0  memseta.o(.text)
    __aeabi_memclr                           0x080001ed   Thumb Code     4  memseta.o(.text)
    __aeabi_memclr4                          0x080001ed   Thumb Code     0  memseta.o(.text)
    __aeabi_memclr8                          0x080001ed   Thumb Code     0  memseta.o(.text)
    _memset$wrapper                          0x080001f1   Thumb Code    18  memseta.o(.text)
    strlen                                   0x08000203   Thumb Code    14  strlen.o(.text)
    __cpp_initialize__aeabi_                 0x08000211   Thumb Code    22  cpp_init.o(.text)
    __aeabi_fadd                             0x08000231   Thumb Code   162  fadd.o(.text)
    __aeabi_fsub                             0x080002d3   Thumb Code     8  fadd.o(.text)
    __aeabi_frsub                            0x080002db   Thumb Code     8  fadd.o(.text)
    __aeabi_fmul                             0x080002e3   Thumb Code   122  fmul.o(.text)
    __aeabi_fdiv                             0x0800035d   Thumb Code   124  fdiv.o(.text)
    __aeabi_dadd                             0x080003d9   Thumb Code   328  dadd.o(.text)
    __aeabi_dsub                             0x08000521   Thumb Code    12  dadd.o(.text)
    __aeabi_drsub                            0x0800052d   Thumb Code    12  dadd.o(.text)
    __aeabi_dmul                             0x0800053d   Thumb Code   202  dmul.o(.text)
    __aeabi_ddiv                             0x0800060d   Thumb Code   234  ddiv.o(.text)
    __aeabi_i2f                              0x080006fd   Thumb Code    22  fflti.o(.text)
    __aeabi_ui2f                             0x08000713   Thumb Code    14  ffltui.o(.text)
    __aeabi_i2d                              0x08000721   Thumb Code    34  dflti.o(.text)
    __aeabi_ui2d                             0x08000749   Thumb Code    24  dfltui.o(.text)
    __aeabi_f2iz                             0x08000765   Thumb Code    50  ffixi.o(.text)
    __aeabi_f2uiz                            0x08000797   Thumb Code    40  ffixui.o(.text)
    __aeabi_d2uiz                            0x080007c1   Thumb Code    50  dfixui.o(.text)
    __aeabi_cdcmpeq                          0x080007fd   Thumb Code     0  cdcmple.o(.text)
    __aeabi_cdcmple                          0x080007fd   Thumb Code    38  cdcmple.o(.text)
    __aeabi_cdrcmple                         0x08000825   Thumb Code    38  cdrcmple.o(.text)
    __aeabi_llsl                             0x0800084d   Thumb Code    32  llshl.o(.text)
    _ll_shift_l                              0x0800084d   Thumb Code     0  llshl.o(.text)
    __aeabi_lasr                             0x0800086d   Thumb Code    38  llsshr.o(.text)
    _ll_sshift_r                             0x0800086d   Thumb Code     0  llsshr.o(.text)
    __I$use$fp                               0x08000893   Thumb Code     0  iusefp.o(.text)
    _float_round                             0x08000893   Thumb Code    16  fepilogue.o(.text)
    _float_epilogue                          0x080008a3   Thumb Code   114  fepilogue.o(.text)
    _double_round                            0x08000915   Thumb Code    26  depilogue.o(.text)
    _double_epilogue                         0x0800092f   Thumb Code   164  depilogue.o(.text)
    __ARM_scalbn                             0x080009d3   Thumb Code    44  dscalb.o(.text)
    scalbn                                   0x080009d3   Thumb Code     0  dscalb.o(.text)
    __scatterload                            0x08000a01   Thumb Code    28  init.o(.text)
    __scatterload_rt2                        0x08000a01   Thumb Code     0  init.o(.text)
    _dsqrt                                   0x08000a25   Thumb Code   162  dsqrt.o(.text)
    __aeabi_d2iz                             0x08000ac9   Thumb Code    62  dfixi.o(.text)
    __decompress                             0x08000b11   Thumb Code     0  __dczerorl2.o(.text)
    __decompress1                            0x08000b11   Thumb Code    86  __dczerorl2.o(.text)
    EXTI4_15_IRQHandler                      0x08000b69   Thumb Code   178  stm32f0xx_it.o(i.EXTI4_15_IRQHandler)
    Error_Handler                            0x08000c29   Thumb Code     2  main.o(i.Error_Handler)
    HAL_Delay                                0x08000c2d   Thumb Code    38  stm32f0xx_hal.o(i.HAL_Delay)
    HAL_GPIO_EXTI_Callback                   0x08000c59   Thumb Code     2  stm32f0xx_hal_gpio.o(i.HAL_GPIO_EXTI_Callback)
    HAL_GPIO_EXTI_IRQHandler                 0x08000c5d   Thumb Code    26  stm32f0xx_hal_gpio.o(i.HAL_GPIO_EXTI_IRQHandler)
    HAL_GPIO_Init                            0x08000c7d   Thumb Code   462  stm32f0xx_hal_gpio.o(i.HAL_GPIO_Init)
    HAL_GPIO_ReadPin                         0x08000e65   Thumb Code    18  stm32f0xx_hal_gpio.o(i.HAL_GPIO_ReadPin)
    HAL_GPIO_TogglePin                       0x08000e77   Thumb Code    18  stm32f0xx_hal_gpio.o(i.HAL_GPIO_TogglePin)
    HAL_GPIO_WritePin                        0x08000e89   Thumb Code    12  stm32f0xx_hal_gpio.o(i.HAL_GPIO_WritePin)
    HAL_GetTick                              0x08000e95   Thumb Code     6  stm32f0xx_hal.o(i.HAL_GetTick)
    HAL_I2CEx_ConfigAnalogFilter             0x08000ea1   Thumb Code   110  stm32f0xx_hal_i2c_ex.o(i.HAL_I2CEx_ConfigAnalogFilter)
    HAL_I2CEx_ConfigDigitalFilter            0x08000f0f   Thumb Code   112  stm32f0xx_hal_i2c_ex.o(i.HAL_I2CEx_ConfigDigitalFilter)
    HAL_I2C_Init                             0x08000f81   Thumb Code   208  stm32f0xx_hal_i2c.o(i.HAL_I2C_Init)
    HAL_I2C_Master_Receive                   0x08001055   Thumb Code   354  stm32f0xx_hal_i2c.o(i.HAL_I2C_Master_Receive)
    HAL_I2C_Master_Transmit                  0x080011c1   Thumb Code   354  stm32f0xx_hal_i2c.o(i.HAL_I2C_Master_Transmit)
    HAL_I2C_Mem_Read                         0x0800132d   Thumb Code   418  stm32f0xx_hal_i2c.o(i.HAL_I2C_Mem_Read)
    HAL_I2C_Mem_Write                        0x080014d9   Thumb Code   414  stm32f0xx_hal_i2c.o(i.HAL_I2C_Mem_Write)
    HAL_I2C_MspInit                          0x0800167d   Thumb Code   114  stm32f0xx_hal_msp.o(i.HAL_I2C_MspInit)
    HAL_IncTick                              0x080016fd   Thumb Code    16  stm32f0xx_hal.o(i.HAL_IncTick)
    HAL_Init                                 0x08001715   Thumb Code    28  stm32f0xx_hal.o(i.HAL_Init)
    HAL_InitTick                             0x08001735   Thumb Code    70  stm32f0xx_hal.o(i.HAL_InitTick)
    HAL_MspInit                              0x08001789   Thumb Code    56  stm32f0xx_hal_msp.o(i.HAL_MspInit)
    HAL_NVIC_EnableIRQ                       0x080017c5   Thumb Code    22  stm32f0xx_hal_cortex.o(i.HAL_NVIC_EnableIRQ)
    HAL_NVIC_SetPriority                     0x080017e1   Thumb Code    18  stm32f0xx_hal_cortex.o(i.HAL_NVIC_SetPriority)
    HAL_RCCEx_PeriphCLKConfig                0x080017f5   Thumb Code   320  stm32f0xx_hal_rcc_ex.o(i.HAL_RCCEx_PeriphCLKConfig)
    HAL_RCC_ClockConfig                      0x08001941   Thumb Code   342  stm32f0xx_hal_rcc.o(i.HAL_RCC_ClockConfig)
    HAL_RCC_GetSysClockFreq                  0x08001aad   Thumb Code   162  stm32f0xx_hal_rcc.o(i.HAL_RCC_GetSysClockFreq)
    HAL_RCC_OscConfig                        0x08001b7d   Thumb Code  1412  stm32f0xx_hal_rcc.o(i.HAL_RCC_OscConfig)
    HAL_SYSTICK_Config                       0x08002105   Thumb Code    46  stm32f0xx_hal_cortex.o(i.HAL_SYSTICK_Config)
    HAL_TIMEx_BreakCallback                  0x0800213d   Thumb Code     2  stm32f0xx_hal_tim_ex.o(i.HAL_TIMEx_BreakCallback)
    HAL_TIMEx_CommutCallback                 0x0800213f   Thumb Code     2  stm32f0xx_hal_tim_ex.o(i.HAL_TIMEx_CommutCallback)
    HAL_TIM_Base_Init                        0x08002141   Thumb Code    56  stm32f0xx_hal_tim.o(i.HAL_TIM_Base_Init)
    HAL_TIM_Base_MspInit                     0x08002179   Thumb Code   116  stm32f0xx_hal_msp.o(i.HAL_TIM_Base_MspInit)
    HAL_TIM_Base_Start_IT                    0x080021f9   Thumb Code    42  stm32f0xx_hal_tim.o(i.HAL_TIM_Base_Start_IT)
    HAL_TIM_IC_CaptureCallback               0x08002223   Thumb Code     2  stm32f0xx_hal_tim.o(i.HAL_TIM_IC_CaptureCallback)
    HAL_TIM_IRQHandler                       0x08002225   Thumb Code   456  stm32f0xx_hal_tim.o(i.HAL_TIM_IRQHandler)
    HAL_TIM_OC_DelayElapsedCallback          0x080023ed   Thumb Code     2  stm32f0xx_hal_tim.o(i.HAL_TIM_OC_DelayElapsedCallback)
    HAL_TIM_PWM_PulseFinishedCallback        0x080023ef   Thumb Code     2  stm32f0xx_hal_tim.o(i.HAL_TIM_PWM_PulseFinishedCallback)
    HAL_TIM_PeriodElapsedCallback            0x080023f1   Thumb Code    58  main.o(i.HAL_TIM_PeriodElapsedCallback)
    HAL_TIM_TriggerCallback                  0x08002449   Thumb Code     2  stm32f0xx_hal_tim.o(i.HAL_TIM_TriggerCallback)
    HardFault_Handler                        0x0800244b   Thumb Code     4  stm32f0xx_it.o(i.HardFault_Handler)
    NMI_Handler                              0x0800244f   Thumb Code     2  stm32f0xx_it.o(i.NMI_Handler)
    PendSV_Handler                           0x08002451   Thumb Code     2  stm32f0xx_it.o(i.PendSV_Handler)
    SVC_Handler                              0x08002453   Thumb Code     2  stm32f0xx_it.o(i.SVC_Handler)
    SysTick_Handler                          0x08002455   Thumb Code     8  stm32f0xx_it.o(i.SysTick_Handler)
    SystemInit                               0x0800245d   Thumb Code   104  system_stm32f0xx.o(i.SystemInit)
    TIM16_IRQHandler                         0x080024d1   Thumb Code    10  stm32f0xx_it.o(i.TIM16_IRQHandler)
    TIM17_IRQHandler                         0x080024e1   Thumb Code    10  stm32f0xx_it.o(i.TIM17_IRQHandler)
    TIM_Base_SetConfig                       0x080024f1   Thumb Code   122  stm32f0xx_hal_tim.o(i.TIM_Base_SetConfig)
    ee_read_varabel()                        0x0800277d   Thumb Code   230  main.o(i._Z15ee_read_varabelv)
    read_i2c_in_main()                       0x0800286d   Thumb Code    80  main.o(i._Z16read_i2c_in_mainv)
    SystemClock_Config()                     0x080028f9   Thumb Code   130  main.o(i._Z18SystemClock_Configv)
    MAINHELPER::change_date()                0x08002d59   Thumb Code   226  main.o(i._ZN10MAINHELPER11change_dateEv)
    MAINHELPER::change_time()                0x08002e75   Thumb Code   116  main.o(i._ZN10MAINHELPER11change_timeEv)
    MAINHELPER::valu_number(long)            0x08002f05   Thumb Code    64  main.o(i._ZN10MAINHELPER11valu_numberEl)
    MAINHELPER::change_number(char*, char*, long, int, long) 0x08002f51   Thumb Code   432  main.o(i._ZN10MAINHELPER13change_numberEPcS0_lil)
    MAINHELPER::change_on_time()             0x08003125   Thumb Code  1204  main.o(i._ZN10MAINHELPER14change_on_timeEv)
    MAINHELPER::key_pressed_up(char, int, int) 0x080035dd   Thumb Code    40  main.o(i._ZN10MAINHELPER14key_pressed_upEcii)
    MAINHELPER::cal_on_off_time()            0x08003609   Thumb Code   240  main.o(i._ZN10MAINHELPER15cal_on_off_timeEv)
    MAINHELPER::change_off_time()            0x08003711   Thumb Code  1204  main.o(i._ZN10MAINHELPER15change_off_timeEv)
    MAINHELPER::sum_or_sub_time(TIME_*, char, char, char, char, char) 0x08003bc9   Thumb Code    30  main.o(i._ZN10MAINHELPER15sum_or_sub_timeEP5TIME_ccccc)
    MAINHELPER::change_Latitudes()           0x08003be9   Thumb Code   190  main.o(i._ZN10MAINHELPER16change_LatitudesEv)
    MAINHELPER::change_Longitude()           0x08003ccd   Thumb Code   182  main.o(i._ZN10MAINHELPER16change_LongitudeEv)
    MAINHELPER::change_lite_long()           0x08003da9   Thumb Code   146  main.o(i._ZN10MAINHELPER16change_lite_longEv)
    MAINHELPER::menu(unsigned char)          0x08003e65   Thumb Code  1228  main.o(i._ZN10MAINHELPER4menuEh)
    MAINHELPER::str_find(char*, char*, int, int) 0x08004335   Thumb Code   116  main.o(i._ZN10MAINHELPER8str_findEPcS0_ii)
    MAINHELPER::lite_calc()                  0x080043a9   Thumb Code   196  main.o(i._ZN10MAINHELPER9lite_calcEv)
    EEPROM_24Cxx::write_char(char, char, int) 0x08004491   Thumb Code    92  main.o(i._ZN12EEPROM_24Cxx10write_charEcci)
    EEPROM_24Cxx::write_long(long, char, int) 0x080044ed   Thumb Code   146  main.o(i._ZN12EEPROM_24Cxx10write_longElci)
    EEPROM_24Cxx::find_sector(int, int)      0x08004581   Thumb Code    56  main.o(i._ZN12EEPROM_24Cxx11find_sectorEii)
    EEPROM_24Cxx::write_one_byte(int, char)  0x080045bd   Thumb Code    68  main.o(i._ZN12EEPROM_24Cxx14write_one_byteEic)
    EEPROM_24Cxx::read_int(int*, char, int)  0x08004601   Thumb Code    86  main.o(i._ZN12EEPROM_24Cxx8read_intEPici)
    EEPROM_24Cxx::read_char(char*, char, int) 0x08004657   Thumb Code    80  main.o(i._ZN12EEPROM_24Cxx9read_charEPcci)
    EEPROM_24Cxx::read_long(long*, char, int) 0x080046a7   Thumb Code    98  main.o(i._ZN12EEPROM_24Cxx9read_longEPlci)
    EEPROM_24Cxx::write_int(int, char, int)  0x08004709   Thumb Code   108  main.o(i._ZN12EEPROM_24Cxx9write_intEici)
    EEPROM_24Cxx::EEPROM_24Cxx()             0x08004775   Thumb Code   350  main.o(i._ZN12EEPROM_24CxxC1Ev)
    EEPROM_24Cxx::EEPROM_24Cxx__sub_object() 0x08004775   Thumb Code     0  main.o(i._ZN12EEPROM_24CxxC1Ev)
    LCD_CHARACTERI::LCD_SendCmd(unsigned char) 0x080048d9   Thumb Code    36  main.o(i._ZN14LCD_CHARACTERI11LCD_SendCmdEh)
    LCD_CHARACTERI::LCD_ReadByte()           0x080048fd   Thumb Code   292  main.o(i._ZN14LCD_CHARACTERI12LCD_ReadByteEv)
    LCD_CHARACTERI::LCD_SendByte(unsigned char) 0x08004a21   Thumb Code   308  main.o(i._ZN14LCD_CHARACTERI12LCD_SendByteEh)
    LCD_CHARACTERI::LCD_SendData(unsigned char) 0x08004b55   Thumb Code    36  main.o(i._ZN14LCD_CHARACTERI12LCD_SendDataEh)
    LCD_CHARACTERI::GoTo(unsigned char, unsigned char) 0x08004b79   Thumb Code    34  main.o(i._ZN14LCD_CHARACTERI4GoToEhh)
    LCD_CHARACTERI::Init()                   0x08004b9d   Thumb Code   270  main.o(i._ZN14LCD_CHARACTERI4InitEv)
    LCD_CHARACTERI::show(char*, unsigned char, unsigned char) 0x08004cb1   Thumb Code    38  main.o(i._ZN14LCD_CHARACTERI4showEPchh)
    LCD_CHARACTERI::show(unsigned long, unsigned char, unsigned char) 0x08004cd9   Thumb Code   540  main.o(i._ZN14LCD_CHARACTERI4showEmhh)
    LCD_CHARACTERI::Clear()                  0x08004f0d   Thumb Code    14  main.o(i._ZN14LCD_CHARACTERI5ClearEv)
    LCD_CHARACTERI::SendText(char*)          0x08004f1b   Thumb Code    26  main.o(i._ZN14LCD_CHARACTERI8SendTextEPc)
    LCD_CHARACTERI::delay_ms(int)            0x08004f35   Thumb Code    22  main.o(i._ZN14LCD_CHARACTERI8delay_msEi)
    LCD_CHARACTERI::delay_us(int)            0x08004f51   Thumb Code    20  main.o(i._ZN14LCD_CHARACTERI8delay_usEi)
    DS1331::BCD2DEC(char)                    0x08004f65   Thumb Code    18  main.o(i._ZN6DS13317BCD2DECEc)
    DS1331::DEC2BCD(char)                    0x08004f77   Thumb Code    30  main.o(i._ZN6DS13317DEC2BCDEc)
    DS1331::get_time(char)                   0x08004f95   Thumb Code   130  main.o(i._ZN6DS13318get_timeEc)
    DS1331::set_time(int, char, char, char, char, char) 0x08005017   Thumb Code   124  main.o(i._ZN6DS13318set_timeEiccccc)
    VARABEL::update_eeprom()                 0x08005095   Thumb Code   178  main.o(i._ZN7VARABEL13update_eepromEv)
    VARABEL::ee_set_Latitudes(float)         0x0800514d   Thumb Code    36  main.o(i._ZN7VARABEL16ee_set_LatitudesEf)
    VARABEL::ee_set_Longitude(float)         0x08005179   Thumb Code    36  main.o(i._ZN7VARABEL16ee_set_LongitudeEf)
    VARABEL::ee_read_Latitudes()             0x080051a5   Thumb Code    38  main.o(i._ZN7VARABEL17ee_read_LatitudesEv)
    VARABEL::ee_read_Longitude()             0x080051d5   Thumb Code    38  main.o(i._ZN7VARABEL17ee_read_LongitudeEv)
    VARABEL::VARABEL()                       0x08005205   Thumb Code     2  main.o(i._ZN7VARABELC1Ev)
    VARABEL::VARABEL__sub_object()           0x08005205   Thumb Code     0  main.o(i._ZN7VARABELC1Ev)
    KEY_READ::read()                         0x08005209   Thumb Code   182  main.o(i._ZN8KEY_READ4readEv)
    KEY_READ::debons(char, int)              0x080052c5   Thumb Code    34  main.o(i._ZN8KEY_READ6debonsEci)
    KEY_READ::HAL_Delay(int)                 0x080052e7   Thumb Code    26  main.o(i._ZN8KEY_READ9HAL_DelayEi)
    KEY_READ::check_key()                    0x08005301   Thumb Code   328  main.o(i._ZN8KEY_READ9check_keyEv)
    KEY_READ::get_delay()                    0x08005465   Thumb Code    62  main.o(i._ZN8KEY_READ9get_delayEv)
    KEY_READ::KEY_READ()                     0x080054a3   Thumb Code    10  main.o(i._ZN8KEY_READC1Ev)
    KEY_READ::KEY_READ__sub_object()         0x080054a3   Thumb Code     0  main.o(i._ZN8KEY_READC1Ev)
    PrayTime::JulianDate(int, int, int)      0x080054ad   Thumb Code   228  main.o(i._ZN8PrayTime10JulianDateEiii)
    PrayTime::adjustTimes()                  0x080055ad   Thumb Code   120  main.o(i._ZN8PrayTime11adjustTimesEv)
    PrayTime::computeTime(double, double)    0x08005629   Thumb Code   276  main.o(i._ZN8PrayTime11computeTimeEdd)
    PrayTime::sunPosition(double, char)      0x08005749   Thumb Code   506  main.o(i._ZN8PrayTime11sunPositionEdc)
    PrayTime::computeTimes()                 0x08005989   Thumb Code   102  main.o(i._ZN8PrayTime12computeTimesEv)
    PrayTime::computeMidDay(double)          0x08005a05   Thumb Code    82  main.o(i._ZN8PrayTime13computeMidDayEd)
    PrayTime::floatToTime24(double, char*, char*) 0x08005a5d   Thumb Code   114  main.o(i._ZN8PrayTime13floatToTime24EdPcS0_)
    PrayTime::DegreeToRadian(double)         0x08005add   Thumb Code    30  main.o(i._ZN8PrayTime14DegreeToRadianEd)
    PrayTime::RadianToDegree(double)         0x08005b09   Thumb Code    30  main.o(i._ZN8PrayTime14RadianToDegreeEd)
    PrayTime::equationOfTime(double)         0x08005b35   Thumb Code    24  main.o(i._ZN8PrayTime14equationOfTimeEd)
    PrayTime::sunDeclination(double)         0x08005b4d   Thumb Code    24  main.o(i._ZN8PrayTime14sunDeclinationEd)
    PrayTime::computeDayTimes()              0x08005b65   Thumb Code    24  main.o(i._ZN8PrayTime15computeDayTimesEv)
    PrayTime::adjustTimesFormat()            0x08005b7d   Thumb Code   114  main.o(i._ZN8PrayTime17adjustTimesFormatEv)
    PrayTime::getDatePrayerTimes(int, int, int, double, double, double) 0x08005bf1   Thumb Code    86  main.o(i._ZN8PrayTime18getDatePrayerTimesEiiiddd)
    PrayTime::dcos(double)                   0x08005c4d   Thumb Code    28  main.o(i._ZN8PrayTime4dcosEd)
    PrayTime::dsin(double)                   0x08005c69   Thumb Code    28  main.o(i._ZN8PrayTime4dsinEd)
    PrayTime::FixHour(double)                0x08005c85   Thumb Code    98  main.o(i._ZN8PrayTime7FixHourEd)
    PrayTime::FixAngle(double)               0x08005ced   Thumb Code    98  main.o(i._ZN8PrayTime8FixAngleEd)
    PrayTime::PrayTime()                     0x08005d55   Thumb Code    28  main.o(i._ZN8PrayTimeC1Ev)
    PrayTime::PrayTime__sub_object()         0x08005d55   Thumb Code     0  main.o(i._ZN8PrayTimeC1Ev)
    DATE_CALC::cal_on_off_out(TIME_, TIME_, TIME_) 0x08005d71   Thumb Code   100  main.o(i._ZN9DATE_CALC14cal_on_off_outE5TIME_S0_S0_)
    DATE_CALC::check_day_shamsi(int, char)   0x08005dd5   Thumb Code    58  main.o(i._ZN9DATE_CALC16check_day_shamsiEic)
    DATE_CALC::milady_to_shamsy(int, int, int) 0x08005e15   Thumb Code   448  main.o(i._ZN9DATE_CALC16milady_to_shamsyEiii)
    DATE_CALC::shamsy_to_milady(int, int, int) 0x08005fe5   Thumb Code   286  main.o(i._ZN9DATE_CALC16shamsy_to_miladyEiii)
    DATE_CALC::grgisleap(int)                0x0800610d   Thumb Code    56  main.o(i._ZN9DATE_CALC9grgisleapEi)
    DATE_CALC::hshisleap(int)                0x08006145   Thumb Code   114  main.o(i._ZN9DATE_CALC9hshisleapEi)
    __0sprintf$8                             0x080061b9   Thumb Code    36  printf8.o(i.__0sprintf$8)
    __1sprintf$8                             0x080061b9   Thumb Code     0  printf8.o(i.__0sprintf$8)
    __2sprintf                               0x080061b9   Thumb Code     0  printf8.o(i.__0sprintf$8)
    __ARM_clz                                0x080061e1   Thumb Code    46  depilogue.o(i.__ARM_clz)
    __ARM_common_ll_muluu                    0x0800620f   Thumb Code    48  stm32f0xx_hal_rcc.o(i.__ARM_common_ll_muluu)
    __ARM_fpclassify                         0x08006241   Thumb Code    40  fpclassify.o(i.__ARM_fpclassify)
    __ieee754_rem_pio2                       0x0800626d   Thumb Code   838  rred.o(i.__ieee754_rem_pio2)
    __kernel_cos                             0x08006609   Thumb Code   224  cos_i.o(i.__kernel_cos)
    __kernel_poly                            0x080066fd   Thumb Code   172  poly.o(i.__kernel_poly)
    __kernel_sin                             0x080067a9   Thumb Code   222  sin_i.o(i.__kernel_sin)
    __mathlib_dbl_infnan                     0x08006895   Thumb Code    10  dunder.o(i.__mathlib_dbl_infnan)
    __mathlib_dbl_infnan2                    0x0800689f   Thumb Code     8  dunder.o(i.__mathlib_dbl_infnan2)
    __mathlib_dbl_invalid                    0x080068a7   Thumb Code    16  dunder.o(i.__mathlib_dbl_invalid)
    __mathlib_dbl_underflow                  0x080068b9   Thumb Code    14  dunder.o(i.__mathlib_dbl_underflow)
    __scatterload_copy                       0x080068cd   Thumb Code    14  handlers.o(i.__scatterload_copy)
    __scatterload_null                       0x080068db   Thumb Code     2  handlers.o(i.__scatterload_null)
    __scatterload_zeroinit                   0x080068dd   Thumb Code    14  handlers.o(i.__scatterload_zeroinit)
    __set_errno                              0x080068ed   Thumb Code     6  errno.o(i.__set_errno)
    acos                                     0x08006da5   Thumb Code   556  acos.o(i.acos)
    asin                                     0x0800700d   Thumb Code   574  asin.o(i.asin)
    atan                                     0x08007281   Thumb Code   472  atan.o(i.atan)
    atan2                                    0x0800749d   Thumb Code   334  atan2.o(i.atan2)
    cos                                      0x08007615   Thumb Code   142  cos.o(i.cos)
    floor                                    0x080076ad   Thumb Code   180  floor.o(i.floor)
    floorf                                   0x08007775   Thumb Code    98  floorf.o(i.floorf)
    main                                     0x080077e5   Thumb Code   348  main.o(i.main)
    sin                                      0x080079b9   Thumb Code   146  sin.o(i.sin)
    sqrt                                     0x08007a55   Thumb Code    66  sqrt.o(i.sqrt)
    AHBPrescTable                            0x08007b6c   Data          16  system_stm32f0xx.o(.constdata)
    APBPrescTable                            0x08007b7c   Data           8  system_stm32f0xx.o(.constdata)
    __mathlib_zero                           0x08007cf0   Data           8  qnan.o(.constdata)
    Region$$Table$$Base                      0x08007de8   Number         0  anon$$obj.o(Region$$Table)
    Region$$Table$$Limit                     0x08007e08   Number         0  anon$$obj.o(Region$$Table)
    SHT$$INIT_ARRAY$$Base                    0x08007e08   Number         0  main.o(.init_array)
    SHT$$INIT_ARRAY$$Limit                   0x08007e0c   Number         0  cpp_init.o(.init_array)
    lite                                     0x20000000   Data           4  main.o(.data)
    OutState                                 0x20000004   Data           1  main.o(.data)
    juristic_methods                         0x20000005   Data           1  main.o(.data)
    adjusting_methods                        0x20000006   Data           1  main.o(.data)
    time_formats                             0x20000007   Data           1  main.o(.data)
    methodParams                             0x20000008   Data         320  main.o(.data)
    t                                        0x20000148   Data          56  main.o(.data)
    lcd                                      0x20000180   Data           1  main.o(.data)
    now_time                                 0x20000181   Data           3  main.o(.data)
    on_time                                  0x20000184   Data           3  main.o(.data)
    off_time                                 0x20000187   Data           3  main.o(.data)
    oneSecond                                0x2000018a   Data           1  main.o(.data)
    SystemCoreClock                          0x20000190   Data           4  system_stm32f0xx.o(.data)
    uwTick                                   0x20000194   Data           4  stm32f0xx_hal.o(.data)
    uwTickPrio                               0x20000198   Data           4  stm32f0xx_hal.o(.data)
    uwTickFreq                               0x2000019c   Data           1  stm32f0xx_hal.o(.data)
    var                                      0x200001a8   Data          32  main.o(.bss)
    pt                                       0x200001c8   Data         160  main.o(.bss)
    key                                      0x20000268   Data          12  main.o(.bss)
    hi2c1                                    0x20000274   Data          76  main.o(.bss)
    htim16                                   0x200002c0   Data          64  main.o(.bss)
    htim17                                   0x20000300   Data          64  main.o(.bss)
    cal                                      0x20000340   Data          56  main.o(.bss)
    rtc                                      0x20000378   Data          24  main.o(.bss)
    ee                                       0x20000390   Data         152  main.o(.bss)
    mh                                       0x20000428   Data          32  main.o(.bss)
    __initial_sp                             0x20000848   Data           0  startup_stm32f030x6.o(STACK)



==============================================================================

Memory Map of the image

  Image Entry point : 0x080000b1

  Load Region LR_IROM1 (Base: 0x08000000, Size: 0x00007fb0, Max: 0x00008000, ABSOLUTE, COMPRESSED[0x00007e6c])

    Execution Region ER_IROM1 (Exec base: 0x08000000, Load base: 0x08000000, Size: 0x00007e0c, Max: 0x00008000, ABSOLUTE)

    Exec Addr    Load Addr    Size         Type   Attr      Idx    E Section Name        Object

    0x08000000   0x08000000   0x000000b0   Data   RO            3    RESET               startup_stm32f030x6.o
    0x080000b0   0x080000b0   0x00000000   Code   RO         3768  * .ARM.Collect$$$$00000000  mc_p.l(entry.o)
    0x080000b0   0x080000b0   0x00000004   Code   RO         4130    .ARM.Collect$$$$00000001  mc_p.l(entry2.o)
    0x080000b4   0x080000b4   0x00000004   Code   RO         4133    .ARM.Collect$$$$00000004  mc_p.l(entry5.o)
    0x080000b8   0x080000b8   0x00000000   Code   RO         4135    .ARM.Collect$$$$00000008  mc_p.l(entry7b.o)
    0x080000b8   0x080000b8   0x00000004   Code   RO         4136    .ARM.Collect$$$$00000009  mc_p.l(entry8a.o)
    0x080000bc   0x080000bc   0x00000000   Code   RO         4137    .ARM.Collect$$$$0000000A  mc_p.l(entry8b.o)
    0x080000bc   0x080000bc   0x00000008   Code   RO         4138    .ARM.Collect$$$$0000000B  mc_p.l(entry9a.o)
    0x080000c4   0x080000c4   0x00000000   Code   RO         4140    .ARM.Collect$$$$0000000D  mc_p.l(entry10a.o)
    0x080000c4   0x080000c4   0x00000000   Code   RO         4142    .ARM.Collect$$$$0000000F  mc_p.l(entry11a.o)
    0x080000c4   0x080000c4   0x00000004   Code   RO         4131    .ARM.Collect$$$$00002712  mc_p.l(entry2.o)
    0x080000c8   0x080000c8   0x0000001c   Code   RO            4    .text               startup_stm32f030x6.o
    0x080000e4   0x080000e4   0x0000002c   Code   RO         3771    .text               mc_p.l(uidiv.o)
    0x08000110   0x08000110   0x00000028   Code   RO         3773    .text               mc_p.l(idiv.o)
    0x08000138   0x08000138   0x00000060   Code   RO         3775    .text               mc_p.l(uldiv.o)
    0x08000198   0x08000198   0x00000022   Code   RO         3777    .text               mc_p.l(llushr.o)
    0x080001ba   0x080001ba   0x00000024   Code   RO         3779    .text               mc_p.l(memcpya.o)
    0x080001de   0x080001de   0x00000024   Code   RO         3781    .text               mc_p.l(memseta.o)
    0x08000202   0x08000202   0x0000000e   Code   RO         3783    .text               mc_p.l(strlen.o)
    0x08000210   0x08000210   0x00000020   Code   RO         4051    .text               mc_p.l(cpp_init.o)
    0x08000230   0x08000230   0x000000b2   Code   RO         4053    .text               mf_p.l(fadd.o)
    0x080002e2   0x080002e2   0x0000007a   Code   RO         4055    .text               mf_p.l(fmul.o)
    0x0800035c   0x0800035c   0x0000007c   Code   RO         4057    .text               mf_p.l(fdiv.o)
    0x080003d8   0x080003d8   0x00000164   Code   RO         4059    .text               mf_p.l(dadd.o)
    0x0800053c   0x0800053c   0x000000d0   Code   RO         4061    .text               mf_p.l(dmul.o)
    0x0800060c   0x0800060c   0x000000f0   Code   RO         4063    .text               mf_p.l(ddiv.o)
    0x080006fc   0x080006fc   0x00000016   Code   RO         4065    .text               mf_p.l(fflti.o)
    0x08000712   0x08000712   0x0000000e   Code   RO         4067    .text               mf_p.l(ffltui.o)
    0x08000720   0x08000720   0x00000028   Code   RO         4069    .text               mf_p.l(dflti.o)
    0x08000748   0x08000748   0x0000001c   Code   RO         4071    .text               mf_p.l(dfltui.o)
    0x08000764   0x08000764   0x00000032   Code   RO         4073    .text               mf_p.l(ffixi.o)
    0x08000796   0x08000796   0x00000028   Code   RO         4075    .text               mf_p.l(ffixui.o)
    0x080007be   0x080007be   0x00000002   PAD
    0x080007c0   0x080007c0   0x0000003c   Code   RO         4077    .text               mf_p.l(dfixui.o)
    0x080007fc   0x080007fc   0x00000028   Code   RO         4079    .text               mf_p.l(cdcmple.o)
    0x08000824   0x08000824   0x00000028   Code   RO         4081    .text               mf_p.l(cdrcmple.o)
    0x0800084c   0x0800084c   0x00000020   Code   RO         4147    .text               mc_p.l(llshl.o)
    0x0800086c   0x0800086c   0x00000026   Code   RO         4149    .text               mc_p.l(llsshr.o)
    0x08000892   0x08000892   0x00000000   Code   RO         4158    .text               mc_p.l(iusefp.o)
    0x08000892   0x08000892   0x00000082   Code   RO         4159    .text               mf_p.l(fepilogue.o)
    0x08000914   0x08000914   0x000000be   Code   RO         4161    .text               mf_p.l(depilogue.o)
    0x080009d2   0x080009d2   0x0000002c   Code   RO         4165    .text               mf_p.l(dscalb.o)
    0x080009fe   0x080009fe   0x00000002   PAD
    0x08000a00   0x08000a00   0x00000024   Code   RO         4169    .text               mc_p.l(init.o)
    0x08000a24   0x08000a24   0x000000a2   Code   RO         4173    .text               mf_p.l(dsqrt.o)
    0x08000ac6   0x08000ac6   0x00000002   PAD
    0x08000ac8   0x08000ac8   0x00000048   Code   RO         4175    .text               mf_p.l(dfixi.o)
    0x08000b10   0x08000b10   0x00000056   Code   RO         4185    .text               mc_p.l(__dczerorl2.o)
    0x08000b66   0x08000b66   0x00000002   PAD
    0x08000b68   0x08000b68   0x000000c0   Code   RO          806    i.EXTI4_15_IRQHandler  stm32f0xx_it.o
    0x08000c28   0x08000c28   0x00000002   Code   RO           12    i.Error_Handler     main.o
    0x08000c2a   0x08000c2a   0x00000002   PAD
    0x08000c2c   0x08000c2c   0x0000002c   Code   RO         1716    i.HAL_Delay         stm32f0xx_hal.o
    0x08000c58   0x08000c58   0x00000002   Code   RO         1893    i.HAL_GPIO_EXTI_Callback  stm32f0xx_hal_gpio.o
    0x08000c5a   0x08000c5a   0x00000002   PAD
    0x08000c5c   0x08000c5c   0x00000020   Code   RO         1894    i.HAL_GPIO_EXTI_IRQHandler  stm32f0xx_hal_gpio.o
    0x08000c7c   0x08000c7c   0x000001e8   Code   RO         1895    i.HAL_GPIO_Init     stm32f0xx_hal_gpio.o
    0x08000e64   0x08000e64   0x00000012   Code   RO         1897    i.HAL_GPIO_ReadPin  stm32f0xx_hal_gpio.o
    0x08000e76   0x08000e76   0x00000012   Code   RO         1898    i.HAL_GPIO_TogglePin  stm32f0xx_hal_gpio.o
    0x08000e88   0x08000e88   0x0000000c   Code   RO         1899    i.HAL_GPIO_WritePin  stm32f0xx_hal_gpio.o
    0x08000e94   0x08000e94   0x0000000c   Code   RO         1720    i.HAL_GetTick       stm32f0xx_hal.o
    0x08000ea0   0x08000ea0   0x0000006e   Code   RO         1526    i.HAL_I2CEx_ConfigAnalogFilter  stm32f0xx_hal_i2c_ex.o
    0x08000f0e   0x08000f0e   0x00000070   Code   RO         1527    i.HAL_I2CEx_ConfigDigitalFilter  stm32f0xx_hal_i2c_ex.o
    0x08000f7e   0x08000f7e   0x00000002   PAD
    0x08000f80   0x08000f80   0x000000d4   Code   RO         1006    i.HAL_I2C_Init      stm32f0xx_hal_i2c.o
    0x08001054   0x08001054   0x0000016c   Code   RO         1012    i.HAL_I2C_Master_Receive  stm32f0xx_hal_i2c.o
    0x080011c0   0x080011c0   0x0000016c   Code   RO         1019    i.HAL_I2C_Master_Transmit  stm32f0xx_hal_i2c.o
    0x0800132c   0x0800132c   0x000001ac   Code   RO         1024    i.HAL_I2C_Mem_Read  stm32f0xx_hal_i2c.o
    0x080014d8   0x080014d8   0x000001a4   Code   RO         1027    i.HAL_I2C_Mem_Write  stm32f0xx_hal_i2c.o
    0x0800167c   0x0800167c   0x00000080   Code   RO          884    i.HAL_I2C_MspInit   stm32f0xx_hal_msp.o
    0x080016fc   0x080016fc   0x00000018   Code   RO         1726    i.HAL_IncTick       stm32f0xx_hal.o
    0x08001714   0x08001714   0x00000020   Code   RO         1727    i.HAL_Init          stm32f0xx_hal.o
    0x08001734   0x08001734   0x00000054   Code   RO         1728    i.HAL_InitTick      stm32f0xx_hal.o
    0x08001788   0x08001788   0x0000003c   Code   RO          885    i.HAL_MspInit       stm32f0xx_hal_msp.o
    0x080017c4   0x080017c4   0x0000001c   Code   RO         2077    i.HAL_NVIC_EnableIRQ  stm32f0xx_hal_cortex.o
    0x080017e0   0x080017e0   0x00000012   Code   RO         2081    i.HAL_NVIC_SetPriority  stm32f0xx_hal_cortex.o
    0x080017f2   0x080017f2   0x00000002   PAD
    0x080017f4   0x080017f4   0x0000014c   Code   RO         1678    i.HAL_RCCEx_PeriphCLKConfig  stm32f0xx_hal_rcc_ex.o
    0x08001940   0x08001940   0x0000016c   Code   RO         1569    i.HAL_RCC_ClockConfig  stm32f0xx_hal_rcc.o
    0x08001aac   0x08001aac   0x000000d0   Code   RO         1577    i.HAL_RCC_GetSysClockFreq  stm32f0xx_hal_rcc.o
    0x08001b7c   0x08001b7c   0x00000588   Code   RO         1580    i.HAL_RCC_OscConfig  stm32f0xx_hal_rcc.o
    0x08002104   0x08002104   0x00000038   Code   RO         2085    i.HAL_SYSTICK_Config  stm32f0xx_hal_cortex.o
    0x0800213c   0x0800213c   0x00000002   Code   RO         3414    i.HAL_TIMEx_BreakCallback  stm32f0xx_hal_tim_ex.o
    0x0800213e   0x0800213e   0x00000002   Code   RO         3415    i.HAL_TIMEx_CommutCallback  stm32f0xx_hal_tim_ex.o
    0x08002140   0x08002140   0x00000038   Code   RO         2604    i.HAL_TIM_Base_Init  stm32f0xx_hal_tim.o
    0x08002178   0x08002178   0x00000080   Code   RO          887    i.HAL_TIM_Base_MspInit  stm32f0xx_hal_msp.o
    0x080021f8   0x080021f8   0x0000002a   Code   RO         2609    i.HAL_TIM_Base_Start_IT  stm32f0xx_hal_tim.o
    0x08002222   0x08002222   0x00000002   Code   RO         2635    i.HAL_TIM_IC_CaptureCallback  stm32f0xx_hal_tim.o
    0x08002224   0x08002224   0x000001c8   Code   RO         2649    i.HAL_TIM_IRQHandler  stm32f0xx_hal_tim.o
    0x080023ec   0x080023ec   0x00000002   Code   RO         2652    i.HAL_TIM_OC_DelayElapsedCallback  stm32f0xx_hal_tim.o
    0x080023ee   0x080023ee   0x00000002   Code   RO         2679    i.HAL_TIM_PWM_PulseFinishedCallback  stm32f0xx_hal_tim.o
    0x080023f0   0x080023f0   0x00000058   Code   RO           13    i.HAL_TIM_PeriodElapsedCallback  main.o
    0x08002448   0x08002448   0x00000002   Code   RO         2692    i.HAL_TIM_TriggerCallback  stm32f0xx_hal_tim.o
    0x0800244a   0x0800244a   0x00000004   Code   RO          807    i.HardFault_Handler  stm32f0xx_it.o
    0x0800244e   0x0800244e   0x00000002   Code   RO          808    i.NMI_Handler       stm32f0xx_it.o
    0x08002450   0x08002450   0x00000002   Code   RO          809    i.PendSV_Handler    stm32f0xx_it.o
    0x08002452   0x08002452   0x00000002   Code   RO          810    i.SVC_Handler       stm32f0xx_it.o
    0x08002454   0x08002454   0x00000008   Code   RO          811    i.SysTick_Handler   stm32f0xx_it.o
    0x0800245c   0x0800245c   0x00000074   Code   RO          933    i.SystemInit        system_stm32f0xx.o
    0x080024d0   0x080024d0   0x00000010   Code   RO          812    i.TIM16_IRQHandler  stm32f0xx_it.o
    0x080024e0   0x080024e0   0x00000010   Code   RO          813    i.TIM17_IRQHandler  stm32f0xx_it.o
    0x080024f0   0x080024f0   0x00000090   Code   RO         2694    i.TIM_Base_SetConfig  stm32f0xx_hal_tim.o
    0x08002580   0x08002580   0x000000f4   Code   RO           14    i._Z12MX_GPIO_Initv  main.o
    0x08002674   0x08002674   0x0000005c   Code   RO           15    i._Z12MX_I2C1_Initv  main.o
    0x080026d0   0x080026d0   0x0000003c   Code   RO           16    i._Z13MX_TIM16_Initv  main.o
    0x0800270c   0x0800270c   0x0000003c   Code   RO           17    i._Z13MX_TIM17_Initv  main.o
    0x08002748   0x08002748   0x00000032   Code   RO         1048    i._Z14I2C_Flush_TXDRP19__I2C_HandleTypeDef  stm32f0xx_hal_i2c.o
    0x0800277a   0x0800277a   0x00000002   PAD
    0x0800277c   0x0800277c   0x000000f0   Code   RO           18    i._Z15ee_read_varabelv  main.o
    0x0800286c   0x0800286c   0x00000054   Code   RO           19    i._Z16read_i2c_in_mainv  main.o
    0x080028c0   0x080028c0   0x00000038   Code   RO         1059    i._Z18I2C_TransferConfigP19__I2C_HandleTypeDefthjj  stm32f0xx_hal_i2c.o
    0x080028f8   0x080028f8   0x00000082   Code   RO           20    i._Z18SystemClock_Configv  main.o
    0x0800297a   0x0800297a   0x00000002   PAD
    0x0800297c   0x0800297c   0x00000078   Code   RO         2087    i._Z18__NVIC_SetPriority9IRQn_Typej  stm32f0xx_hal_cortex.o
    0x080029f4   0x080029f4   0x00000080   Code   RO         1061    i._Z21I2C_RequestMemoryReadP19__I2C_HandleTypeDeftttjj  stm32f0xx_hal_i2c.o
    0x08002a74   0x08002a74   0x00000080   Code   RO         1062    i._Z22I2C_RequestMemoryWriteP19__I2C_HandleTypeDeftttjj  stm32f0xx_hal_i2c.o
    0x08002af4   0x08002af4   0x000000a0   Code   RO         1064    i._Z23I2C_IsAcknowledgeFailedP19__I2C_HandleTypeDefjj  stm32f0xx_hal_i2c.o
    0x08002b94   0x08002b94   0x00000058   Code   RO         1068    i._Z26I2C_WaitOnFlagUntilTimeoutP19__I2C_HandleTypeDefj10FlagStatusjj  stm32f0xx_hal_i2c.o
    0x08002bec   0x08002bec   0x000000b0   Code   RO         1070    i._Z30I2C_WaitOnRXNEFlagUntilTimeoutP19__I2C_HandleTypeDefjj  stm32f0xx_hal_i2c.o
    0x08002c9c   0x08002c9c   0x0000005a   Code   RO         1071    i._Z30I2C_WaitOnSTOPFlagUntilTimeoutP19__I2C_HandleTypeDefjj  stm32f0xx_hal_i2c.o
    0x08002cf6   0x08002cf6   0x00000060   Code   RO         1072    i._Z30I2C_WaitOnTXISFlagUntilTimeoutP19__I2C_HandleTypeDefjj  stm32f0xx_hal_i2c.o
    0x08002d56   0x08002d56   0x00000002   PAD
    0x08002d58   0x08002d58   0x0000011c   Code   RO           21    i._ZN10MAINHELPER11change_dateEv  main.o
    0x08002e74   0x08002e74   0x00000090   Code   RO           22    i._ZN10MAINHELPER11change_timeEv  main.o
    0x08002f04   0x08002f04   0x0000004c   Code   RO           23    i._ZN10MAINHELPER11valu_numberEl  main.o
    0x08002f50   0x08002f50   0x000001d4   Code   RO           24    i._ZN10MAINHELPER13change_numberEPcS0_lil  main.o
    0x08003124   0x08003124   0x000004b8   Code   RO           25    i._ZN10MAINHELPER14change_on_timeEv  main.o
    0x080035dc   0x080035dc   0x0000002c   Code   RO           26    i._ZN10MAINHELPER14key_pressed_upEcii  main.o
    0x08003608   0x08003608   0x00000108   Code   RO           27    i._ZN10MAINHELPER15cal_on_off_timeEv  main.o
    0x08003710   0x08003710   0x000004b8   Code   RO           28    i._ZN10MAINHELPER15change_off_timeEv  main.o
    0x08003bc8   0x08003bc8   0x0000001e   Code   RO           31    i._ZN10MAINHELPER15sum_or_sub_timeEP5TIME_ccccc  main.o
    0x08003be6   0x08003be6   0x00000002   PAD
    0x08003be8   0x08003be8   0x000000e4   Code   RO           32    i._ZN10MAINHELPER16change_LatitudesEv  main.o
    0x08003ccc   0x08003ccc   0x000000dc   Code   RO           33    i._ZN10MAINHELPER16change_LongitudeEv  main.o
    0x08003da8   0x08003da8   0x000000bc   Code   RO           34    i._ZN10MAINHELPER16change_lite_longEv  main.o
    0x08003e64   0x08003e64   0x000004d0   Code   RO           37    i._ZN10MAINHELPER4menuEh  main.o
    0x08004334   0x08004334   0x00000074   Code   RO           38    i._ZN10MAINHELPER8str_findEPcS0_ii  main.o
    0x080043a8   0x080043a8   0x000000e8   Code   RO           40    i._ZN10MAINHELPER9lite_calcEv  main.o
    0x08004490   0x08004490   0x0000005c   Code   RO           41    i._ZN12EEPROM_24Cxx10write_charEcci  main.o
    0x080044ec   0x080044ec   0x00000092   Code   RO           42    i._ZN12EEPROM_24Cxx10write_longElci  main.o
    0x0800457e   0x0800457e   0x00000002   PAD
    0x08004580   0x08004580   0x0000003c   Code   RO           43    i._ZN12EEPROM_24Cxx11find_sectorEii  main.o
    0x080045bc   0x080045bc   0x00000044   Code   RO           46    i._ZN12EEPROM_24Cxx14write_one_byteEic  main.o
    0x08004600   0x08004600   0x00000056   Code   RO           49    i._ZN12EEPROM_24Cxx8read_intEPici  main.o
    0x08004656   0x08004656   0x00000050   Code   RO           50    i._ZN12EEPROM_24Cxx9read_charEPcci  main.o
    0x080046a6   0x080046a6   0x00000062   Code   RO           51    i._ZN12EEPROM_24Cxx9read_longEPlci  main.o
    0x08004708   0x08004708   0x0000006c   Code   RO           52    i._ZN12EEPROM_24Cxx9write_intEici  main.o
    0x08004774   0x08004774   0x00000164   Code   RO           53    i._ZN12EEPROM_24CxxC1Ev  main.o
    0x080048d8   0x080048d8   0x00000024   Code   RO           54    i._ZN14LCD_CHARACTERI11LCD_SendCmdEh  main.o
    0x080048fc   0x080048fc   0x00000124   Code   RO           55    i._ZN14LCD_CHARACTERI12LCD_ReadByteEv  main.o
    0x08004a20   0x08004a20   0x00000134   Code   RO           56    i._ZN14LCD_CHARACTERI12LCD_SendByteEh  main.o
    0x08004b54   0x08004b54   0x00000024   Code   RO           57    i._ZN14LCD_CHARACTERI12LCD_SendDataEh  main.o
    0x08004b78   0x08004b78   0x00000022   Code   RO           58    i._ZN14LCD_CHARACTERI4GoToEhh  main.o
    0x08004b9a   0x08004b9a   0x00000002   PAD
    0x08004b9c   0x08004b9c   0x00000114   Code   RO           59    i._ZN14LCD_CHARACTERI4InitEv  main.o
    0x08004cb0   0x08004cb0   0x00000026   Code   RO           60    i._ZN14LCD_CHARACTERI4showEPchh  main.o
    0x08004cd6   0x08004cd6   0x00000002   PAD
    0x08004cd8   0x08004cd8   0x00000234   Code   RO           61    i._ZN14LCD_CHARACTERI4showEmhh  main.o
    0x08004f0c   0x08004f0c   0x0000000e   Code   RO           62    i._ZN14LCD_CHARACTERI5ClearEv  main.o
    0x08004f1a   0x08004f1a   0x0000001a   Code   RO           63    i._ZN14LCD_CHARACTERI8SendTextEPc  main.o
    0x08004f34   0x08004f34   0x0000001c   Code   RO           64    i._ZN14LCD_CHARACTERI8delay_msEi  main.o
    0x08004f50   0x08004f50   0x00000014   Code   RO           65    i._ZN14LCD_CHARACTERI8delay_usEi  main.o
    0x08004f64   0x08004f64   0x00000012   Code   RO          648    i._ZN6DS13317BCD2DECEc  main.o
    0x08004f76   0x08004f76   0x0000001e   Code   RO          642    i._ZN6DS13317DEC2BCDEc  main.o
    0x08004f94   0x08004f94   0x00000082   Code   RO           66    i._ZN6DS13318get_timeEc  main.o
    0x08005016   0x08005016   0x0000007c   Code   RO           69    i._ZN6DS13318set_timeEiccccc  main.o
    0x08005092   0x08005092   0x00000002   PAD
    0x08005094   0x08005094   0x000000b8   Code   RO           70    i._ZN7VARABEL13update_eepromEv  main.o
    0x0800514c   0x0800514c   0x0000002c   Code   RO           71    i._ZN7VARABEL16ee_set_LatitudesEf  main.o
    0x08005178   0x08005178   0x0000002c   Code   RO           72    i._ZN7VARABEL16ee_set_LongitudeEf  main.o
    0x080051a4   0x080051a4   0x00000030   Code   RO           73    i._ZN7VARABEL17ee_read_LatitudesEv  main.o
    0x080051d4   0x080051d4   0x00000030   Code   RO           74    i._ZN7VARABEL17ee_read_LongitudeEv  main.o
    0x08005204   0x08005204   0x00000002   Code   RO           75    i._ZN7VARABELC1Ev   main.o
    0x08005206   0x08005206   0x00000002   PAD
    0x08005208   0x08005208   0x000000bc   Code   RO           76    i._ZN8KEY_READ4readEv  main.o
    0x080052c4   0x080052c4   0x00000022   Code   RO           77    i._ZN8KEY_READ6debonsEci  main.o
    0x080052e6   0x080052e6   0x0000001a   Code   RO           78    i._ZN8KEY_READ9HAL_DelayEi  main.o
    0x08005300   0x08005300   0x00000164   Code   RO           79    i._ZN8KEY_READ9check_keyEv  main.o
    0x08005464   0x08005464   0x0000003e   Code   RO           80    i._ZN8KEY_READ9get_delayEv  main.o
    0x080054a2   0x080054a2   0x0000000a   Code   RO           81    i._ZN8KEY_READC1Ev  main.o
    0x080054ac   0x080054ac   0x00000100   Code   RO           82    i._ZN8PrayTime10JulianDateEiii  main.o
    0x080055ac   0x080055ac   0x0000007c   Code   RO           84    i._ZN8PrayTime11adjustTimesEv  main.o
    0x08005628   0x08005628   0x00000120   Code   RO           85    i._ZN8PrayTime11computeTimeEdd  main.o
    0x08005748   0x08005748   0x00000240   Code   RO           86    i._ZN8PrayTime11sunPositionEdc  main.o
    0x08005988   0x08005988   0x0000007c   Code   RO           87    i._ZN8PrayTime12computeTimesEv  main.o
    0x08005a04   0x08005a04   0x00000058   Code   RO           89    i._ZN8PrayTime13computeMidDayEd  main.o
    0x08005a5c   0x08005a5c   0x00000080   Code   RO           90    i._ZN8PrayTime13floatToTime24EdPcS0_  main.o
    0x08005adc   0x08005adc   0x0000002c   Code   RO          612    i._ZN8PrayTime14DegreeToRadianEd  main.o
    0x08005b08   0x08005b08   0x0000002c   Code   RO          630    i._ZN8PrayTime14RadianToDegreeEd  main.o
    0x08005b34   0x08005b34   0x00000018   Code   RO           92    i._ZN8PrayTime14equationOfTimeEd  main.o
    0x08005b4c   0x08005b4c   0x00000018   Code   RO           93    i._ZN8PrayTime14sunDeclinationEd  main.o
    0x08005b64   0x08005b64   0x00000018   Code   RO           94    i._ZN8PrayTime15computeDayTimesEv  main.o
    0x08005b7c   0x08005b7c   0x00000072   Code   RO           95    i._ZN8PrayTime17adjustTimesFormatEv  main.o
    0x08005bee   0x08005bee   0x00000002   PAD
    0x08005bf0   0x08005bf0   0x0000005c   Code   RO           97    i._ZN8PrayTime18getDatePrayerTimesEiiiddd  main.o
    0x08005c4c   0x08005c4c   0x0000001c   Code   RO          618    i._ZN8PrayTime4dcosEd  main.o
    0x08005c68   0x08005c68   0x0000001c   Code   RO          624    i._ZN8PrayTime4dsinEd  main.o
    0x08005c84   0x08005c84   0x00000068   Code   RO           98    i._ZN8PrayTime7FixHourEd  main.o
    0x08005cec   0x08005cec   0x00000068   Code   RO           99    i._ZN8PrayTime8FixAngleEd  main.o
    0x08005d54   0x08005d54   0x0000001c   Code   RO          100    i._ZN8PrayTimeC1Ev  main.o
    0x08005d70   0x08005d70   0x00000064   Code   RO          101    i._ZN9DATE_CALC14cal_on_off_outE5TIME_S0_S0_  main.o
    0x08005dd4   0x08005dd4   0x00000040   Code   RO          102    i._ZN9DATE_CALC16check_day_shamsiEic  main.o
    0x08005e14   0x08005e14   0x000001d0   Code   RO          103    i._ZN9DATE_CALC16milady_to_shamsyEiii  main.o
    0x08005fe4   0x08005fe4   0x00000128   Code   RO          104    i._ZN9DATE_CALC16shamsy_to_miladyEiii  main.o
    0x0800610c   0x0800610c   0x00000038   Code   RO          105    i._ZN9DATE_CALC9grgisleapEi  main.o
    0x08006144   0x08006144   0x00000072   Code   RO          106    i._ZN9DATE_CALC9hshisleapEi  main.o
    0x080061b6   0x080061b6   0x00000002   PAD
    0x080061b8   0x080061b8   0x00000028   Code   RO         3996    i.__0sprintf$8      mc_p.l(printf8.o)
    0x080061e0   0x080061e0   0x0000002e   Code   RO         4163    i.__ARM_clz         mf_p.l(depilogue.o)
    0x0800620e   0x0800620e   0x00000030   Code   RO         1668    i.__ARM_common_ll_muluu  stm32f0xx_hal_rcc.o
    0x0800623e   0x0800623e   0x00000002   PAD
    0x08006240   0x08006240   0x0000002c   Code   RO         4100    i.__ARM_fpclassify  m_ps.l(fpclassify.o)
    0x0800626c   0x0800626c   0x0000039c   Code   RO         4105    i.__ieee754_rem_pio2  m_ps.l(rred.o)
    0x08006608   0x08006608   0x000000f4   Code   RO         4083    i.__kernel_cos      m_ps.l(cos_i.o)
    0x080066fc   0x080066fc   0x000000ac   Code   RO         4102    i.__kernel_poly     m_ps.l(poly.o)
    0x080067a8   0x080067a8   0x000000ec   Code   RO         4110    i.__kernel_sin      m_ps.l(sin_i.o)
    0x08006894   0x08006894   0x0000000a   Code   RO         4087    i.__mathlib_dbl_infnan  m_ps.l(dunder.o)
    0x0800689e   0x0800689e   0x00000008   Code   RO         4088    i.__mathlib_dbl_infnan2  m_ps.l(dunder.o)
    0x080068a6   0x080068a6   0x00000010   Code   RO         4089    i.__mathlib_dbl_invalid  m_ps.l(dunder.o)
    0x080068b6   0x080068b6   0x00000002   PAD
    0x080068b8   0x080068b8   0x00000014   Code   RO         4092    i.__mathlib_dbl_underflow  m_ps.l(dunder.o)
    0x080068cc   0x080068cc   0x0000000e   Code   RO         4179    i.__scatterload_copy  mc_p.l(handlers.o)
    0x080068da   0x080068da   0x00000002   Code   RO         4180    i.__scatterload_null  mc_p.l(handlers.o)
    0x080068dc   0x080068dc   0x0000000e   Code   RO         4181    i.__scatterload_zeroinit  mc_p.l(handlers.o)
    0x080068ea   0x080068ea   0x00000002   PAD
    0x080068ec   0x080068ec   0x0000000c   Code   RO         4153    i.__set_errno       mc_p.l(errno.o)
    0x080068f8   0x080068f8   0x0000002c   Code   RO          107    i.__sti___6_main_c_lite  main.o
    0x08006924   0x08006924   0x00000428   Code   RO         4001    i._printf_core      mc_p.l(printf8.o)
    0x08006d4c   0x08006d4c   0x00000020   Code   RO         4002    i._printf_post_padding  mc_p.l(printf8.o)
    0x08006d6c   0x08006d6c   0x0000002c   Code   RO         4003    i._printf_pre_padding  mc_p.l(printf8.o)
    0x08006d98   0x08006d98   0x0000000a   Code   RO         4005    i._sputc            mc_p.l(printf8.o)
    0x08006da2   0x08006da2   0x00000002   PAD
    0x08006da4   0x08006da4   0x00000268   Code   RO         3699    i.acos              m_ps.l(acos.o)
    0x0800700c   0x0800700c   0x00000274   Code   RO         3709    i.asin              m_ps.l(asin.o)
    0x08007280   0x08007280   0x0000021c   Code   RO         3719    i.atan              m_ps.l(atan.o)
    0x0800749c   0x0800749c   0x00000178   Code   RO         3729    i.atan2             m_ps.l(atan2.o)
    0x08007614   0x08007614   0x00000098   Code   RO         3737    i.cos               m_ps.l(cos.o)
    0x080076ac   0x080076ac   0x000000c8   Code   RO         3745    i.floor             m_ps.l(floor.o)
    0x08007774   0x08007774   0x00000070   Code   RO         3749    i.floorf            m_ps.l(floorf.o)
    0x080077e4   0x080077e4   0x000001d4   Code   RO          108    i.main              main.o
    0x080079b8   0x080079b8   0x0000009c   Code   RO         3753    i.sin               m_ps.l(sin.o)
    0x08007a54   0x08007a54   0x00000048   Code   RO         4117    i.sqrt              m_ps.l(sqrt.o)
    0x08007a9c   0x08007a9c   0x000000d0   Data   RO          207    .constdata          main.o
    0x08007b6c   0x08007b6c   0x00000018   Data   RO          936    .constdata          system_stm32f0xx.o
    0x08007b84   0x08007b84   0x00000004   PAD
    0x08007b88   0x08007b88   0x00000050   Data   RO         3700    .constdata          m_ps.l(acos.o)
    0x08007bd8   0x08007bd8   0x00000050   Data   RO         3710    .constdata          m_ps.l(asin.o)
    0x08007c28   0x08007c28   0x00000098   Data   RO         3720    .constdata          m_ps.l(atan.o)
    0x08007cc0   0x08007cc0   0x00000030   Data   RO         4084    .constdata          m_ps.l(cos_i.o)
    0x08007cf0   0x08007cf0   0x00000008   Data   RO         4104    .constdata          m_ps.l(qnan.o)
    0x08007cf8   0x08007cf8   0x000000c8   Data   RO         4107    .constdata          m_ps.l(rred.o)
    0x08007dc0   0x08007dc0   0x00000028   Data   RO         4111    .constdata          m_ps.l(sin_i.o)
    0x08007de8   0x08007de8   0x00000020   Data   RO         4177    Region$$Table       anon$$obj.o
    0x08007e08   0x08007e08   0x00000004   Data   RO          209    .init_array         main.o
    0x08007e0c   0x08007e08   0x00000000   Data   RO         4049    .init_array         mc_p.l(cpp_init.o)


    Execution Region RW_IRAM1 (Exec base: 0x20000000, Load base: 0x08007e0c, Size: 0x00000848, Max: 0x00001000, ABSOLUTE, COMPRESSED[0x00000060])

    Exec Addr    Load Addr    Size         Type   Attr      Idx    E Section Name        Object

    0x20000000   COMPRESSED   0x00000190   Data   RW          208    .data               main.o
    0x20000190   COMPRESSED   0x00000004   Data   RW          937    .data               system_stm32f0xx.o
    0x20000194   COMPRESSED   0x00000009   Data   RW         1757    .data               stm32f0xx_hal.o
    0x2000019d   COMPRESSED   0x00000003   PAD
    0x200001a0   COMPRESSED   0x00000004   Data   RW         4154    .data               mc_p.l(errno.o)
    0x200001a4   COMPRESSED   0x00000004   PAD
    0x200001a8        -       0x000002a0   Zero   RW          206    .bss                main.o
    0x20000448        -       0x00000400   Zero   RW            1    STACK               startup_stm32f030x6.o


==============================================================================

Image component sizes


      Code (inc. data)   RO Data    RW Data    ZI Data      Debug   Object Name

     14904       1482        212        400        672     322553   main.o
        28          8        176          0       1024        596   startup_stm32f030x6.o
       196         38          0          9          0       7557   stm32f0xx_hal.o
       222         26          0          0          0      10177   stm32f0xx_hal_cortex.o
       570         32          0          0          0       4344   stm32f0xx_hal_gpio.o
      2760         64          0          0          0      13685   stm32f0xx_hal_i2c.o
       222          0          0          0          0       1819   stm32f0xx_hal_i2c_ex.o
       316         30          0          0          0       1995   stm32f0xx_hal_msp.o
      2036         84          0          0          0       3964   stm32f0xx_hal_rcc.o
       332         12          0          0          0       1348   stm32f0xx_hal_rcc_ex.o
       706         22          0          0          0       5143   stm32f0xx_hal_tim.o
         4          0          0          0          0       1425   stm32f0xx_hal_tim_ex.o
       242         26          0          0          0       3307   stm32f0xx_it.o
       116         12         24          4          0       1059   system_stm32f0xx.o

    ----------------------------------------------------------------------
     22686       1836        448        416       1696     378972   Object Totals
         0          0         32          0          0          0   (incl. Generated)
        32          0          4          3          0          0   (incl. Padding)

    ----------------------------------------------------------------------

      Code (inc. data)   RO Data    RW Data    ZI Data      Debug   Library Member Name

       616         60         80          0          0        120   acos.o
       628         54         80          0          0        104   asin.o
       540         68        152          0          0        112   atan.o
       376         42          0          0          0        144   atan2.o
       152         10          0          0          0        104   cos.o
       244         20         48          0          0         92   cos_i.o
        54          6          0          0          0        272   dunder.o
       200         20          0          0          0         76   floor.o
       112         14          0          0          0         76   floorf.o
        44          4          0          0          0         60   fpclassify.o
       172          0          0          0          0         76   poly.o
         0          0          8          0          0          0   qnan.o
       924         86        200          0          0        120   rred.o
       156         10          0          0          0        104   sin.o
       236         14         40          0          0        100   sin_i.o
        72          6          0          0          0         76   sqrt.o
        86          0          0          0          0          0   __dczerorl2.o
        32         10          0          0          0         72   cpp_init.o
         0          0          0          0          0          0   entry.o
         0          0          0          0          0          0   entry10a.o
         0          0          0          0          0          0   entry11a.o
         8          4          0          0          0          0   entry2.o
         4          0          0          0          0          0   entry5.o
         0          0          0          0          0          0   entry7b.o
         4          0          0          0          0          0   entry8a.o
         0          0          0          0          0          0   entry8b.o
         8          4          0          0          0          0   entry9a.o
        12          6          0          4          0         60   errno.o
        30          0          0          0          0          0   handlers.o
        40          0          0          0          0         72   idiv.o
        36          8          0          0          0         68   init.o
         0          0          0          0          0          0   iusefp.o
        32          0          0          0          0         68   llshl.o
        38          0          0          0          0         68   llsshr.o
        34          0          0          0          0         68   llushr.o
        36          0          0          0          0         60   memcpya.o
        36          0          0          0          0        100   memseta.o
      1190         48          0          0          0        384   printf8.o
        14          0          0          0          0         60   strlen.o
        44          0          0          0          0         72   uidiv.o
        96          0          0          0          0         84   uldiv.o
        40          2          0          0          0         68   cdcmple.o
        40          2          0          0          0         68   cdrcmple.o
       356          4          0          0          0        140   dadd.o
       240          6          0          0          0         84   ddiv.o
       236          0          0          0          0        216   depilogue.o
        72         10          0          0          0         72   dfixi.o
        60         10          0          0          0         68   dfixui.o
        40          6          0          0          0         68   dflti.o
        28          4          0          0          0         68   dfltui.o
       208          6          0          0          0         88   dmul.o
        44          0          0          0          0         72   dscalb.o
       162          0          0          0          0         80   dsqrt.o
       178          0          0          0          0        108   fadd.o
       124          0          0          0          0         72   fdiv.o
       130          0          0          0          0        144   fepilogue.o
        50          0          0          0          0         60   ffixi.o
        40          0          0          0          0         60   ffixui.o
        22          0          0          0          0         68   fflti.o
        14          0          0          0          0         68   ffltui.o
       122          0          0          0          0         72   fmul.o

    ----------------------------------------------------------------------
      8526        544        608          4          4       4616   Library Totals
        14          0          0          0          4          0   (incl. Padding)

    ----------------------------------------------------------------------

      Code (inc. data)   RO Data    RW Data    ZI Data      Debug   Library Name

      4526        414        608          0          0       1636   m_ps.l
      1780         80          0          4          0       1236   mc_p.l
      2206         50          0          0          0       1744   mf_p.l

    ----------------------------------------------------------------------
      8526        544        608          4          4       4616   Library Totals

    ----------------------------------------------------------------------

==============================================================================


      Code (inc. data)   RO Data    RW Data    ZI Data      Debug   

     31212       2380       1056        420       1700     375260   Grand Totals
     31212       2380       1056         96       1700     375260   ELF Image Totals (compressed)
     31212       2380       1056         96          0          0   ROM Totals

==============================================================================

    Total RO  Size (Code + RO Data)                32268 (  31.51kB)
    Total RW  Size (RW Data + ZI Data)              2120 (   2.07kB)
    Total ROM Size (Code + RO Data + RW Data)      32364 (  31.61kB)

==============================================================================

