<html>
<body>
<pre>
<h1>µVision Build Log</h1>
<h2>Tool Versions:</h2>
IDE-Version: µVision V5.24.2.0
Copyright (C) 2017 ARM Ltd and ARM Germany GmbH. All rights reserved.
License Information: mohsen faryabi, 1, LIC=HIVAR-K46IA-978R5-G7RFQ-4TU54-1H3SJ
 
Tool Versions:
Toolchain:       MDK-ARM Basic (256K)  Version: 5.24.1
Toolchain Path:  D:\Keil_v5\ARM\ARMCC\Bin
C Compiler:      Armcc.exe V5.06 update 5 (build 528)
Assembler:       Armasm.exe V5.06 update 5 (build 528)
Linker/Locator:  ArmLink.exe V5.06 update 5 (build 528)
Library Manager: ArmAr.exe V5.06 update 5 (build 528)
Hex Converter:   FromElf.exe V5.06 update 5 (build 528)
CPU DLL:         SARMCM3.DLL V5.24.1
Dialog DLL:      DARMCM1.DLL V1.18.0.0
Target DLL:      STLink\ST-LINKIII-KEIL_SWO.dll V3.0.1.0
Dialog DLL:      TARMCM1.DLL V1.13.0.0
 
<h2>Project:</h2>
D:\1project\dimer\4\MDK-ARM\Program.uvprojx
Project File Date:  12/04/2020

<h2>Output:</h2>
*** Using Compiler 'V5.06 update 5 (build 528)', folder: 'D:\Keil_v5\ARM\ARMCC\Bin'
Build target 'Program'
compiling main.c...
../Inc/PrayTimes.h(763): warning:  #1-D: last line of file ends without a newline
  	
../Src/main.c: 1 warning, 0 errors
linking...
Program Size: Code=31212 RO-data=1056 RW-data=420 ZI-data=1700  
".\Program\Program.axf" - 0 Error(s), 1 Warning(s).

<h2>Software Packages used:</h2>

Package Vendor: ARM
                http://www.keil.com/pack/ARM.CMSIS.5.0.1.pack
                ARM.CMSIS.5.0.1
                CMSIS (Cortex Microcontroller Software Interface Standard)
   * Component: CORE Version: 5.0.1

Package Vendor: Keil
                http://www.keil.com/pack/Keil.STM32F0xx_DFP.2.0.0.pack
                Keil.STM32F0xx_DFP.2.0.0
                STMicroelectronics STM32F0 Series Device Support, Drivers and Examples

<h2>Collection of Component include folders:</h2>
  .\RTE\_Program
  D:\Keil_v5\ARM\PACK\ARM\CMSIS\5.0.1\CMSIS\Include
  D:\Keil_v5\ARM\PACK\Keil\STM32F0xx_DFP\2.0.0\Drivers\CMSIS\Device\ST\STM32F0xx\Include

<h2>Collection of Component Files used:</h2>

   * Component: ARM::CMSIS:CORE:5.0.1
Build Time Elapsed:  00:00:04
</pre>
</body>
</html>
